Archive member included to satisfy reference by file (symbol)

c:/devkitPro/libctru/lib\libctru.a(console.o)
                              main.o (consoleInit)
c:/devkitPro/libctru/lib\libctru.a(gfx.o)
                              c:/devkitPro/libctru/lib\libctru.a(console.o) (gfxSetScreenFormat)
c:/devkitPro/libctru/lib\libctru.a(romfs_dev.o)
                              main.o (romfsExit)
c:/devkitPro/libctru/lib\libctru.a(gx.o)
                              c:/devkitPro/libctru/lib\libctru.a(gfx.o) (gxCmdBuf)
c:/devkitPro/libctru/lib\libctru.a(apt.o)
                              main.o (aptMainLoop)
c:/devkitPro/libctru/lib\libctru.a(fs.o)
                              c:/devkitPro/libctru/lib\libctru.a(romfs_dev.o) (FSUSER_OpenFileDirectly)
c:/devkitPro/libctru/lib\libctru.a(gspgpu.o)
                              c:/devkitPro/libctru/lib\libctru.a(gfx.o) (gspInit)
c:/devkitPro/libctru/lib\libctru.a(hid.o)
                              main.o (hidScanInput)
c:/devkitPro/libctru/lib\libctru.a(irrst.o)
                              c:/devkitPro/libctru/lib\libctru.a(hid.o) (irrstScanInput)
c:/devkitPro/libctru/lib\libctru.a(utf8_to_utf16.o)
                              c:/devkitPro/libctru/lib\libctru.a(romfs_dev.o) (utf8_to_utf16)
c:/devkitPro/libctru/lib\libctru.a(initArgv.o)
                              c:/devkitpro/devkitarm/bin/../lib/gcc/arm-none-eabi/5.3.0/../../../../arm-none-eabi/lib/armv6k/fpu/3dsx_crt0.o (__system_argc)
c:/devkitPro/libctru/lib\libctru.a(initSystem.o)
                              c:/devkitPro/libctru/lib\libctru.a(apt.o) (__system_retAddr)
c:/devkitPro/libctru/lib\libctru.a(syscalls.o)
                              c:/devkitPro/libctru/lib\libctru.a(initSystem.o) (__system_initSyscalls)
c:/devkitPro/libctru/lib\libctru.a(svc.o)
                              c:/devkitPro/libctru/lib\libctru.a(gfx.o) (svcCreateEvent)
c:/devkitPro/libctru/lib\libctru.a(stack_adjust.o)
                              c:/devkitpro/devkitarm/bin/../lib/gcc/arm-none-eabi/5.3.0/../../../../arm-none-eabi/lib/armv6k/fpu/3dsx_crt0.o (initSystem)
c:/devkitPro/libctru/lib\libctru.a(default_font.bin.o)
                              c:/devkitPro/libctru/lib\libctru.a(console.o) (default_font_bin)
c:/devkitPro/libctru/lib\libctru.a(linear.o)
                              c:/devkitPro/libctru/lib\libctru.a(gfx.o) (linearAlloc)
c:/devkitPro/libctru/lib\libctru.a(mappable.o)
                              c:/devkitPro/libctru/lib\libctru.a(gfx.o) (mappableAlloc)
c:/devkitPro/libctru/lib\libctru.a(mem_pool.o)
                              c:/devkitPro/libctru/lib\libctru.a(linear.o) (MemPool::Allocate(MemChunk&, unsigned long, int))
c:/devkitPro/libctru/lib\libctru.a(vram.o)
                              c:/devkitPro/libctru/lib\libctru.a(gfx.o) (vramAlloc)
c:/devkitPro/libctru/lib\libctru.a(env.o)
                              c:/devkitPro/libctru/lib\libctru.a(fs.o) (envGetHandle)
c:/devkitPro/libctru/lib\libctru.a(os.o)
                              c:/devkitPro/libctru/lib\libctru.a(syscalls.o) (__libctru_gtod)
c:/devkitPro/libctru/lib\libctru.a(srv.o)
                              c:/devkitPro/libctru/lib\libctru.a(apt.o) (srvGetServiceHandle)
c:/devkitPro/libctru/lib\libctru.a(synchronization.o)
                              c:/devkitPro/libctru/lib\libctru.a(initSystem.o) (__sync_init)
c:/devkitPro/libctru/lib\libctru.a(thread.o)
                              c:/devkitPro/libctru/lib\libctru.a(apt.o) (threadCreate)
c:/devkitPro/libctru/lib\libctru.a(ptmsysm.o)
                              c:/devkitPro/libctru/lib\libctru.a(os.o) (ptmSysmInit)
c:/devkitPro/libctru/lib\libctru.a(rbtree_find.o)
                              c:/devkitPro/libctru/lib\libctru.a(linear.o) (rbtree_find)
c:/devkitPro/libctru/lib\libctru.a(rbtree_init.o)
                              c:/devkitPro/libctru/lib\libctru.a(linear.o) (rbtree_init)
c:/devkitPro/libctru/lib\libctru.a(rbtree_insert.o)
                              c:/devkitPro/libctru/lib\libctru.a(linear.o) (rbtree_insert)
c:/devkitPro/libctru/lib\libctru.a(rbtree_remove.o)
                              c:/devkitPro/libctru/lib\libctru.a(linear.o) (rbtree_remove)
c:/devkitPro/libctru/lib\libctru.a(rbtree_rotate.o)
                              c:/devkitPro/libctru/lib\libctru.a(rbtree_insert.o) (rbtree_rotate)
c:/devkitPro/libctru/lib\libctru.a(decode_utf8.o)
                              c:/devkitPro/libctru/lib\libctru.a(utf8_to_utf16.o) (decode_utf8)
c:/devkitPro/libctru/lib\libctru.a(encode_utf16.o)
                              c:/devkitPro/libctru/lib\libctru.a(utf8_to_utf16.o) (encode_utf16)
c:/devkitPro/libctru/lib\libctru.a(allocateHeaps.o)
                              c:/devkitPro/libctru/lib\libctru.a(initSystem.o) (__system_allocateHeaps)
c:/devkitPro/libctru/lib\libctru.a(appExit.o)
                              c:/devkitPro/libctru/lib\libctru.a(stack_adjust.o) (__appExit)
c:/devkitPro/libctru/lib\libctru.a(appInit.o)
[...]
Memory Configuration

Name             Origin             Length             Attributes
*default*        0x00000000         0xffffffff

Linker script and memory map

                0x00100000                . = 0x100000
                0x00100000                __start__ = .

.text           0x00100000    0x287fc
 *(.crt0)
 .crt0          0x00100000       0x94 c:/devkitpro/devkitarm/bin/../lib/gcc/arm-none-eabi/5.3.0/../../../../arm-none-eabi/lib/armv6k/fpu/3dsx_crt0.o
                0x00100000                _start
                0x00100008                __service_ptr
                0x0010000c                __apt_appid
                0x00100010                __heap_size
                0x00100014                __linear_heap_size
                0x00100018                __system_arglist
                0x0010001c                __system_runflags
 *(.init)
 .init          0x00100094        0xc c:/devkitpro/devkitarm/bin/../lib/gcc/arm-none-eabi/5.3.0/armv6k/fpu/crti.o
                0x00100094                _init
 .init          0x001000a0        0xc c:/devkitpro/devkitarm/bin/../lib/gcc/arm-none-eabi/5.3.0/armv6k/fpu/crtn.o
                0x001000ac                . = ALIGN (0x4)
 *(.text)
 .text          0x001000ac      0x108 c:/devkitpro/devkitarm/bin/../lib/gcc/arm-none-eabi/5.3.0/armv6k/fpu/crtbegin.o
 .text          0x001001b4       0x64 c:/devkitPro/libctru/lib\libctru.a(stack_adjust.o)
                0x001001b4                initSystem
                0x001001f8                __ctru_exit
 .text          0x00100218      0x20c c:/devkitpro/devkitarm/bin/../lib/gcc/arm-none-eabi/5.3.0/armv6k/fpu\libgcc.a(_udivsi3.o)
                0x00100218                __aeabi_uidiv
                0x00100218                __udivsi3
                0x00100404                __aeabi_uidivmod
 .text          0x00100424      0x240 c:/devkitpro/devkitarm/bin/../lib/gcc/arm-none-eabi/5.3.0/armv6k/fpu\libgcc.a(_divsi3.o)
                0x00100424                __divsi3
                0x00100424                __aeabi_idiv
                0x00100644                __aeabi_idivmod
 .text          0x00100664        0x4 c:/devkitpro/devkitarm/bin/../lib/gcc/arm-none-eabi/5.3.0/armv6k/fpu\libgcc.a(_dvmd_tls.o)
                0x00100664                __aeabi_idiv0
                0x00100664                __aeabi_ldiv0
 *fill*         0x00100668       0x18 
 .text          0x00100680      0x3a0 c:/devkitpro/devkitarm/bin/../lib/gcc/arm-none-eabi/5.3.0/../../../../arm-none-eabi/lib/armv6k/fpu\libg.a(lib_a-strcmp.o)
                0x00100688                strcmp
 .text          0x00100a20      0x1c4 c:/devkitpro/devkitarm/bin/../lib/gcc/arm-none-eabi/5.3.0/../../../../arm-none-eabi/lib/armv6k/fpu\libsysbase.a(iosupport.o)
                0x00100a28                setDefaultDevice
                0x00100a40                FindDevice
                0x00100afc                RemoveDevice
                0x00100b28                AddDevice
                0x00100bc0                GetDeviceOpTab
 .text          0x00100be4       0x7c c:/devkitpro/devkitarm/bin/../lib/gcc/arm-none-eabi/5.3.0/../../../../arm-none-eabi/lib/armv6k/fpu\libsysbase.a(close.o)
                0x00100be4                _close_r
 .text          0x00100c60       0x6c c:/devkitpro/devkitarm/bin/../lib/gcc/arm-none-eabi/5.3.0/../../../../arm-none-eabi/lib/armv6k/fpu\libsysbase.a(fstat.o)
                0x00100c60                _fstat_r
 .text          0x00100ccc        0x8 c:/devkitpro/devkitarm/bin/../lib/gcc/arm-none-eabi/5.3.0/../../../../arm-none-eabi/lib/armv6k/fpu\libsysbase.a(isatty.o)
                0x00100ccc                _isatty_r
 .text          0x00100cd4       0x78 c:/devkitpro/devkitarm/bin/../lib/gcc/arm-none-eabi/5.3.0/../../../../arm-none-eabi/lib/armv6k/fpu\libsysbase.a(lseek.o)
                0x00100cd4                _lseek_r
 .text          0x00100d4c       0xc8 c:/devkitpro/devkitarm/bin/../lib/gcc/arm-none-eabi/5.3.0/../../../../arm-none-eabi/lib/armv6k/fpu\libsysbase.a(open.o)
                0x00100d4c                _open_r
 .text          0x00100e14       0x78 c:/devkitpro/devkitarm/bin/../lib/gcc/arm-none-eabi/5.3.0/../../../../arm-none-eabi/lib/armv6k/fpu\libsysbase.a(read.o)
                0x00100e14                _read_r
 .text          0x00100e8c       0x70 c:/devkitpro/devkitarm/bin/../lib/gcc/arm-none-eabi/5.3.0/../../../../arm-none-eabi/lib/armv6k/fpu\libsysbase.a(sbrk.o)
                0x00100e8c                _sbrk_r
 .text          0x00100efc       0x78 c:/devkitpro/devkitarm/bin/../lib/gcc/arm-none-eabi/5.3.0/../../../../arm-none-eabi/lib/armv6k/fpu\libsysbase.a(write.o)
                0x00100efc                _write_r
 .text          0x00100f74      0x3b0 c:/devkitpro/devkitarm/bin/../lib/gcc/arm-none-eabi/5.3.0/../../../../arm-none-eabi/lib/armv6k/fpu\libsysbase.a(chdir.o)
                0x00100f74                _concatenate_path
                0x00101130                chdir
                0x00101284                getcwd
 .text          0x00101324       0x10 c:/devkitpro/devkitarm/bin/../lib/gcc/arm-none-eabi/5.3.0/../../../../arm-none-eabi/lib/armv6k/fpu\libsysbase.a(flock.o)
                0x00101324                __flockfile
                0x0010132c                __funlockfile
 .text          0x00101334      0x108 c:/devkitpro/devkitarm/bin/../lib/gcc/arm-none-eabi/5.3.0/../../../../arm-none-eabi/lib/armv6k/fpu\libsysbase.a(syscall_support.o)
                0x00101334                __libc_lock_init
                0x0010134c                __libc_lock_acquire
                0x00101364                __libc_lock_try_acquire
                0x00101388                __libc_lock_release
                0x001013a0                __libc_lock_close
                0x001013b8                __libc_lock_init_recursive
                0x001013d0                __libc_lock_acquire_recursive
                0x001013e8                __libc_lock_try_acquire_recursive
                0x0010140c                __libc_lock_release_recursive
                0x00101424                __libc_lock_close_recursive
 .text          0x0010143c      0x2c4 c:/devkitpro/devkitarm/bin/../lib/gcc/arm-none-eabi/5.3.0/../../../../arm-none-eabi/lib/armv6k/fpu\libsysbase.a(handle_manager.o)
                0x0010143c                __free_handle
                0x00101480                __release_handle
                0x001014bc                __alloc_handle
                0x00101534                __get_handle
                0x00101550                dup
                0x001015f4                dup2
 .text          0x00101700      0x498 c:/devkitpro/devkitarm/bin/../lib/gcc/arm-none-eabi/5.3.0/../../../../arm-none-eabi/lib/armv6k/fpu\libsysbase.a(dirent.o)
                0x001017ac                opendir
                0x0010189c                closedir
                0x00101928                readdir
                0x00101a08                readdir_r
                0x00101ad4                rewinddir
                0x00101af8                seekdir
                0x00101b88                telldir
 .text          0x00101b98       0x28 c:/devkitpro/devkitarm/bin/../lib/gcc/arm-none-eabi/5.3.0/../../../../arm-none-eabi/lib/armv6k/fpu\libsysbase.a(getreent.o)
                0x00101b98                __getreent
 .text          0x00101bc0       0x3c c:/devkitpro/devkitarm/bin/../lib/gcc/arm-none-eabi/5.3.0/armv6k/fpu\libgcc.a(_aeabi_uldivmod.o)
                0x00101bc0                __aeabi_uldivmod
 .text          0x00101bfc      0x128 c:/devkitpro/devkitarm/bin/../lib/gcc/arm-none-eabi/5.3.0/armv6k/fpu\libgcc.a(_udivmoddi4.o)
                0x00101bfc                __udivmoddi4
 *(.text.*)
 .text.startup.main
                0x00101d24      0x460 main.o
                0x00101d24                main
 .text.mips_cpu_create
                0x00102184       0x44 mips_cpu.o
                0x00102184                mips_cpu_create
 .text.mips_cpu_get_register
                0x001021c8       0x14 mips_cpu.o
                0x001021c8                mips_cpu_get_register
 .text.mips_cpu_set_register
                0x001021dc       0x20 mips_cpu.o
                0x001021dc                mips_cpu_set_register
 .text.mips_cpu_get_pc
                0x001021fc       0x10 mips_cpu.o
                0x001021fc                mips_cpu_get_pc
 .text.mips_cpu_step
                0x0010220c      0xde0 mips_cpu.o
                0x0010220c                mips_cpu_step
 .text.mips_cpu_advance_pc
                0x00102fec       0x18 mips_cpu_functions.o
                0x00102fec                mips_cpu_advance_pc
 .text.mips_cpu_to_big
                0x00103004       0x24 mips_cpu_functions.o
                0x00103004                mips_cpu_to_big
 .text.mips_cpu_to_buffer
                0x00103028       0x20 mips_cpu_functions.o
                0x00103028                mips_cpu_to_buffer
 .text.mips_cpu_f_add
                0x00103048       0x5c mips_cpu_functions.o
                0x00103048                mips_cpu_f_add
 .text.mips_cpu_f_addu
                0x001030a4        0x8 mips_cpu_functions.o
                0x001030a4                mips_cpu_f_addu
 .text.mips_cpu_f_sub
                0x001030ac       0x58 mips_cpu_functions.o
                0x001030ac                mips_cpu_f_sub
 .text.mips_cpu_f_subu
                0x00103104        0x8 mips_cpu_functions.o
                0x00103104                mips_cpu_f_subu
 .text.mips_cpu_f_and
                0x0010310c        0x8 mips_cpu_functions.o
                0x0010310c                mips_cpu_f_and
 .text.mips_cpu_f_or
                0x00103114        0x8 mips_cpu_functions.o
                0x00103114                mips_cpu_f_or
 .text.mips_cpu_f_xor
                0x0010311c        0x8 mips_cpu_functions.o
                0x0010311c                mips_cpu_f_xor
 .text.mips_cpu_f_slt
                0x00103124       0x10 mips_cpu_functions.o
                0x00103124                mips_cpu_f_slt
 .text.mips_cpu_f_sltu
                0x00103134       0x10 mips_cpu_functions.o
                0x00103134                mips_cpu_f_sltu
 .text.mips_cpu_f_sll
                0x00103144        0x8 mips_cpu_functions.o
                0x00103144                mips_cpu_f_sll
 .text.mips_cpu_f_srl
                0x0010314c        0x8 mips_cpu_functions.o
                0x0010314c                mips_cpu_f_srl
 .text.mips_cpu_f_sra
                0x00103154       0x40 mips_cpu_functions.o
                0x00103154                mips_cpu_f_sra
 .text.mips_cpu_f_multu
                0x00103194       0x1c mips_cpu_functions.o
                0x00103194                mips_cpu_f_multu
 .text.mips_cpu_f_mult
                0x001031b0       0x1c mips_cpu_functions.o
                0x001031b0                mips_cpu_f_mult
 .text.mips_cpu_f_divu
                0x001031cc       0x58 mips_cpu_functions.o
                0x001031cc                mips_cpu_f_divu
 .text.mips_cpu_f_div
                0x00103224       0x34 mips_cpu_functions.o
                0x00103224                mips_cpu_f_div
 .text.mips_cpu_f_branch
                0x00103258       0x30 mips_cpu_functions.o
                0x00103258                mips_cpu_f_branch
 .text.mips_cpu_f_branchAndLink
                0x00103288       0x44 mips_cpu_functions.o
                0x00103288                mips_cpu_f_branchAndLink
 .text.mips_mem_create_ram
                0x001032cc       0x54 mips_mem_ram.o
                0x001032cc                mips_mem_create_ram
 .text.mips_mem_read
                0x00103320       0xb0 mips_mem_ram.o
                0x00103320                mips_mem_read
 .text.mips_mem_write
                0x001033d0       0xb0 mips_mem_ram.o
                0x001033d0                mips_mem_write
 .text.debug_write
                0x00103480       0x1c c:/devkitPro/libctru/lib\libctru.a(console.o)
                0x00103480                debug_write
 .text.consoleDrawChar
                0x0010349c      0x1ac c:/devkitPro/libctru/lib\libctru.a(console.o)
                0x0010349c                consoleDrawChar
 .text.consolePrintChar
                0x00103648      0x128 c:/devkitPro/libctru/lib\libctru.a(console.o)
                0x00103648                consolePrintChar
 .text.consoleCls
                0x00103770      0x184 c:/devkitPro/libctru/lib\libctru.a(console.o)
 .text.consoleInit
                0x001038f4       0xf8 c:/devkitPro/libctru/lib\libctru.a(console.o)
                0x001038f4                consoleInit
 .text.consoleClearLine
                0x001039ec      0x138 c:/devkitPro/libctru/lib\libctru.a(console.o)
 .text.newRow   0x00103b24       0xc0 c:/devkitPro/libctru/lib\libctru.a(console.o)
 .text.con_write
                0x00103be4      0x86c c:/devkitPro/libctru/lib\libctru.a(console.o)
                0x00103be4                con_write
 .text.gfxSetFramebufferInfo.part.0
                0x00104450       0x8c c:/devkitPro/libctru/lib\libctru.a(gfx.o)
 .text.gfxSetScreenFormat
                0x001044dc       0x18 c:/devkitPro/libctru/lib\libctru.a(gfx.o)
                0x001044dc                gfxSetScreenFormat
 .text.gfxSetDoubleBuffering
                0x001044f4       0x14 c:/devkitPro/libctru/lib\libctru.a(gfx.o)
                0x001044f4                gfxSetDoubleBuffering
 .text.gfxSetFramebufferInfo
                0x00104508       0x70 c:/devkitPro/libctru/lib\libctru.a(gfx.o)
                0x00104508                gfxSetFramebufferInfo
 .text.gfxWriteFramebufferInfo
                0x00104578       0x88 c:/devkitPro/libctru/lib\libctru.a(gfx.o)
                0x00104578                gfxWriteFramebufferInfo
 .text.gfxInit  0x00104600      0x1d0 c:/devkitPro/libctru/lib\libctru.a(gfx.o)
                0x00104600                gfxInit
 .text.gfxInitDefault
                0x001047d0       0x10 c:/devkitPro/libctru/lib\libctru.a(gfx.o)
                0x001047d0                gfxInitDefault
 .text.gfxExit  0x001047e0       0xe0 c:/devkitPro/libctru/lib\libctru.a(gfx.o)
                0x001047e0                gfxExit
 .text.gfxGetFramebuffer
                0x001048c0       0xb0 c:/devkitPro/libctru/lib\libctru.a(gfx.o)
                0x001048c0                gfxGetFramebuffer
 .text.gfxFlushBuffers
                0x00104970       0xcc c:/devkitPro/libctru/lib\libctru.a(gfx.o)
                0x00104970                gfxFlushBuffers
 .text.gfxConfigScreen
                0x00104a3c       0x70 c:/devkitPro/libctru/lib\libctru.a(gfx.o)
                0x00104a3c                gfxConfigScreen
 .text.gfxSwapBuffersGpu
                0x00104aac       0x20 c:/devkitPro/libctru/lib\libctru.a(gfx.o)
                0x00104aac                gfxSwapBuffersGpu
 .text.romfsExit
                0x00104acc       0x5c c:/devkitPro/libctru/lib\libctru.a(romfs_dev.o)
                0x00104acc                romfsExit
 .text.__apt_initservicehandle
                0x00104b28       0x68 c:/devkitPro/libctru/lib\libctru.a(apt.o)
 .text._aptDebug
                0x00104b90        0x4 c:/devkitPro/libctru/lib\libctru.a(apt.o)
                0x00104b90                _aptDebug
 .text.aptInitCaptureInfo
                0x00104b94       0x98 c:/devkitPro/libctru/lib\libctru.a(apt.o)
                0x00104b94                aptInitCaptureInfo
 .text.aptWaitStatusEvent
                0x00104c2c       0x28 c:/devkitPro/libctru/lib\libctru.a(apt.o)
                0x00104c2c                aptWaitStatusEvent
 .text.aptGetMenuAppID
                0x00104c54       0x60 c:/devkitPro/libctru/lib\libctru.a(apt.o)
                0x00104c54                aptGetMenuAppID
 .text.aptSetStatus
                0x00104cb4       0x6c c:/devkitPro/libctru/lib\libctru.a(apt.o)
                0x00104cb4                aptSetStatus
 .text.APT_GetLockHandle
                0x00104d20       0x48 c:/devkitPro/libctru/lib\libctru.a(apt.o)
                0x00104d20                APT_GetLockHandle
 .text.APT_Initialize
                0x00104d68       0x60 c:/devkitPro/libctru/lib\libctru.a(apt.o)
                0x00104d68                APT_Initialize
 .text.APT_Finalize
                0x00104dc8       0x34 c:/devkitPro/libctru/lib\libctru.a(apt.o)
                0x00104dc8                APT_Finalize
 .text.APT_InquireNotification
                0x00104dfc       0x48 c:/devkitPro/libctru/lib\libctru.a(apt.o)
                0x00104dfc                APT_InquireNotification
 .text.APT_PrepareToJumpToHomeMenu
                0x00104e44       0x2c c:/devkitPro/libctru/lib\libctru.a(apt.o)
                0x00104e44                APT_PrepareToJumpToHomeMenu
 .text.APT_JumpToHomeMenu
                0x00104e70       0x50 c:/devkitPro/libctru/lib\libctru.a(apt.o)
                0x00104e70                APT_JumpToHomeMenu
 .text.APT_PrepareToJumpToApplication
                0x00104ec0       0x34 c:/devkitPro/libctru/lib\libctru.a(apt.o)
                0x00104ec0                APT_PrepareToJumpToApplication
 .text.APT_JumpToApplication
                0x00104ef4       0x50 c:/devkitPro/libctru/lib\libctru.a(apt.o)
                0x00104ef4                APT_JumpToApplication
 .text.APT_NotifyToWait
                0x00104f44       0x34 c:/devkitPro/libctru/lib\libctru.a(apt.o)
                0x00104f44                APT_NotifyToWait
 .text.APT_AppletUtility
                0x00104f78       0x7c c:/devkitPro/libctru/lib\libctru.a(apt.o)
                0x00104f78                APT_AppletUtility
 .text.aptAppletUtility_Exit_RetToApp
                0x00104ff4      0x188 c:/devkitPro/libctru/lib\libctru.a(apt.o)
                0x00104ff4                aptAppletUtility_Exit_RetToApp
 .text.aptAppletClosed
                0x0010517c       0x3c c:/devkitPro/libctru/lib\libctru.a(apt.o)
                0x0010517c                aptAppletClosed
 .text.aptAppStarted
                0x001051b8      0x114 c:/devkitPro/libctru/lib\libctru.a(apt.o)
 .text.aptInit  0x001052cc      0x298 c:/devkitPro/libctru/lib\libctru.a(apt.o)
                0x001052cc                aptInit
 .text.APT_ReceiveParameter
                0x00105564       0x6c c:/devkitPro/libctru/lib\libctru.a(apt.o)
                0x00105564                APT_ReceiveParameter
 .text.APT_SendParameter
                0x001055d0       0x64 c:/devkitPro/libctru/lib\libctru.a(apt.o)
                0x001055d0                APT_SendParameter
 .text.APT_SendCaptureBufferInfo
                0x00105634       0x44 c:/devkitPro/libctru/lib\libctru.a(apt.o)
                0x00105634                APT_SendCaptureBufferInfo
 .text.aptReturnToMenu
                0x00105678      0x264 c:/devkitPro/libctru/lib\libctru.a(apt.o)
                0x00105678                aptReturnToMenu
 .text.APT_ReplySleepQuery
                0x001058dc       0x38 c:/devkitPro/libctru/lib\libctru.a(apt.o)
                0x001058dc                APT_ReplySleepQuery
 .text.APT_ReplySleepNotificationComplete
                0x00105914       0x34 c:/devkitPro/libctru/lib\libctru.a(apt.o)
                0x00105914                APT_ReplySleepNotificationComplete
 .text.aptEventHandler
                0x00105948      0x3f4 c:/devkitPro/libctru/lib\libctru.a(apt.o)
                0x00105948                aptEventHandler
 .text.APT_PrepareToCloseApplication
                0x00105d3c       0x34 c:/devkitPro/libctru/lib\libctru.a(apt.o)
                0x00105d3c                APT_PrepareToCloseApplication
 .text.APT_CloseApplication
                0x00105d70       0x50 c:/devkitPro/libctru/lib\libctru.a(apt.o)
                0x00105d70                APT_CloseApplication
 .text.aptExit  0x00105dc0      0x2d0 c:/devkitPro/libctru/lib\libctru.a(apt.o)
                0x00105dc0                aptExit
 .text.APT_CheckNew3DS_System
                0x00106090       0x6c c:/devkitPro/libctru/lib\libctru.a(apt.o)
                0x00106090                APT_CheckNew3DS_System
 .text.APT_CheckNew3DS
                0x001060fc       0x8c c:/devkitPro/libctru/lib\libctru.a(apt.o)
                0x001060fc                APT_CheckNew3DS
 .text.APT_StartLibraryApplet
                0x00106188       0x54 c:/devkitPro/libctru/lib\libctru.a(apt.o)
                0x00106188                APT_StartLibraryApplet
 .text.aptAppletStarted
                0x001061dc      0x174 c:/devkitPro/libctru/lib\libctru.a(apt.o)
                0x001061dc                aptAppletStarted
 .text.aptMainLoop
                0x00106350      0x1a4 c:/devkitPro/libctru/lib\libctru.a(apt.o)
                0x00106350                aptMainLoop
 .text.fsInit   0x001064f4       0xc8 c:/devkitPro/libctru/lib\libctru.a(fs.o)
                0x001064f4                fsInit
 .text.fsExit   0x001065bc       0x34 c:/devkitPro/libctru/lib\libctru.a(fs.o)
                0x001065bc                fsExit
 .text.FSUSER_OpenFile
                0x001065f0       0xdc c:/devkitPro/libctru/lib\libctru.a(fs.o)
                0x001065f0                FSUSER_OpenFile
 .text.FSUSER_DeleteFile
                0x001066cc       0xb8 c:/devkitPro/libctru/lib\libctru.a(fs.o)
                0x001066cc                FSUSER_DeleteFile
 .text.FSUSER_RenameFile
                0x00106784       0xf4 c:/devkitPro/libctru/lib\libctru.a(fs.o)
                0x00106784                FSUSER_RenameFile
 .text.FSUSER_DeleteDirectory
                0x00106878       0xb8 c:/devkitPro/libctru/lib\libctru.a(fs.o)
                0x00106878                FSUSER_DeleteDirectory
 .text.FSUSER_CreateFile
                0x00106930       0xd0 c:/devkitPro/libctru/lib\libctru.a(fs.o)
                0x00106930                FSUSER_CreateFile
 .text.FSUSER_CreateDirectory
                0x00106a00       0xc0 c:/devkitPro/libctru/lib\libctru.a(fs.o)
                0x00106a00                FSUSER_CreateDirectory
 .text.FSUSER_RenameDirectory
                0x00106ac0       0xf4 c:/devkitPro/libctru/lib\libctru.a(fs.o)
                0x00106ac0                FSUSER_RenameDirectory
 .text.FSUSER_OpenDirectory
                0x00106bb4       0xc4 c:/devkitPro/libctru/lib\libctru.a(fs.o)
                0x00106bb4                FSUSER_OpenDirectory
 .text.FSUSER_OpenArchive
                0x00106c78       0xbc c:/devkitPro/libctru/lib\libctru.a(fs.o)
                0x00106c78                FSUSER_OpenArchive
 .text.FSUSER_CloseArchive
                0x00106d34       0x88 c:/devkitPro/libctru/lib\libctru.a(fs.o)
                0x00106d34                FSUSER_CloseArchive
 .text.FSUSER_GetSdmcArchiveResource
                0x00106dbc       0x8c c:/devkitPro/libctru/lib\libctru.a(fs.o)
                0x00106dbc                FSUSER_GetSdmcArchiveResource
 .text.FSUSER_IsSdmcWritable
                0x00106e48       0x64 c:/devkitPro/libctru/lib\libctru.a(fs.o)
                0x00106e48                FSUSER_IsSdmcWritable
 .text.FSFILE_Read
                0x00106eac       0x5c c:/devkitPro/libctru/lib\libctru.a(fs.o)
                0x00106eac                FSFILE_Read
 .text.FSFILE_Write
                0x00106f08       0x64 c:/devkitPro/libctru/lib\libctru.a(fs.o)
                0x00106f08                FSFILE_Write
 .text.FSFILE_GetSize
                0x00106f6c       0x3c c:/devkitPro/libctru/lib\libctru.a(fs.o)
                0x00106f6c                FSFILE_GetSize
 .text.FSFILE_SetSize
                0x00106fa8       0x2c c:/devkitPro/libctru/lib\libctru.a(fs.o)
                0x00106fa8                FSFILE_SetSize
 .text.FSFILE_Close
                0x00106fd4       0x3c c:/devkitPro/libctru/lib\libctru.a(fs.o)
                0x00106fd4                FSFILE_Close
 .text.FSFILE_Flush
                0x00107010       0x24 c:/devkitPro/libctru/lib\libctru.a(fs.o)
                0x00107010                FSFILE_Flush
 .text.FSDIR_Read
                0x00107034       0x54 c:/devkitPro/libctru/lib\libctru.a(fs.o)
                0x00107034                FSDIR_Read
 .text.FSDIR_Close
                0x00107088       0x3c c:/devkitPro/libctru/lib\libctru.a(fs.o)
                0x00107088                FSDIR_Close
 .text.gspEventThreadMain
                0x001070c4      0x124 c:/devkitPro/libctru/lib\libctru.a(gspgpu.o)
 .text.gspInit  0x001071e8       0x74 c:/devkitPro/libctru/lib\libctru.a(gspgpu.o)
                0x001071e8                gspInit
 .text.gspExit  0x0010725c       0x3c c:/devkitPro/libctru/lib\libctru.a(gspgpu.o)
                0x0010725c                gspExit
 .text.gspInitEventHandler
                0x00107298       0xd0 c:/devkitPro/libctru/lib\libctru.a(gspgpu.o)
                0x00107298                gspInitEventHandler
 .text.gspExitEventHandler
                0x00107368       0x5c c:/devkitPro/libctru/lib\libctru.a(gspgpu.o)
                0x00107368                gspExitEventHandler
 .text.gspWaitForEvent
                0x001073c4       0x58 c:/devkitPro/libctru/lib\libctru.a(gspgpu.o)
                0x001073c4                gspWaitForEvent
 .text.GSPGPU_SetBufferSwap
                0x0010741c       0x6c c:/devkitPro/libctru/lib\libctru.a(gspgpu.o)
                0x0010741c                GSPGPU_SetBufferSwap
 .text.GSPGPU_FlushDataCache
                0x00107488       0x4c c:/devkitPro/libctru/lib\libctru.a(gspgpu.o)
                0x00107488                GSPGPU_FlushDataCache
 .text.GSPGPU_SetLcdForceBlack
                0x001074d4       0x34 c:/devkitPro/libctru/lib\libctru.a(gspgpu.o)
                0x001074d4                GSPGPU_SetLcdForceBlack
 .text.GSPGPU_RegisterInterruptRelayQueue
                0x00107508       0x64 c:/devkitPro/libctru/lib\libctru.a(gspgpu.o)
                0x00107508                GSPGPU_RegisterInterruptRelayQueue
 .text.GSPGPU_UnregisterInterruptRelayQueue
                0x0010756c       0x2c c:/devkitPro/libctru/lib\libctru.a(gspgpu.o)
                0x0010756c                GSPGPU_UnregisterInterruptRelayQueue
 .text.GSPGPU_AcquireRight
                0x00107598       0x48 c:/devkitPro/libctru/lib\libctru.a(gspgpu.o)
                0x00107598                GSPGPU_AcquireRight
 .text.GSPGPU_ReleaseRight
                0x001075e0       0x2c c:/devkitPro/libctru/lib\libctru.a(gspgpu.o)
                0x001075e0                GSPGPU_ReleaseRight
 .text.GSPGPU_ImportDisplayCaptureInfo
                0x0010760c       0x80 c:/devkitPro/libctru/lib\libctru.a(gspgpu.o)
                0x0010760c                GSPGPU_ImportDisplayCaptureInfo
 .text.GSPGPU_SaveVramSysArea
                0x0010768c       0x2c c:/devkitPro/libctru/lib\libctru.a(gspgpu.o)
                0x0010768c                GSPGPU_SaveVramSysArea
 .text.GSPGPU_RestoreVramSysArea
                0x001076b8       0x2c c:/devkitPro/libctru/lib\libctru.a(gspgpu.o)
                0x001076b8                GSPGPU_RestoreVramSysArea
 .text.hidExit  0x001076e4       0xd8 c:/devkitPro/libctru/lib\libctru.a(hid.o)
                0x001076e4                hidExit
 .text.hidScanInput
                0x001077bc      0x238 c:/devkitPro/libctru/lib\libctru.a(hid.o)
                0x001077bc                hidScanInput
 .text.hidKeysDown
                0x001079f4       0x10 c:/devkitPro/libctru/lib\libctru.a(hid.o)
                0x001079f4                hidKeysDown
 .text.HIDUSER_GetHandles
                0x00107a04       0x90 c:/devkitPro/libctru/lib\libctru.a(hid.o)
                0x00107a04                HIDUSER_GetHandles
 .text.hidInit  0x00107a94      0x184 c:/devkitPro/libctru/lib\libctru.a(hid.o)
                0x00107a94                hidInit
 .text.irrstScanInput
                0x00107c18       0xb0 c:/devkitPro/libctru/lib\libctru.a(irrst.o)
                0x00107c18                irrstScanInput
 .text.irrstKeysHeld
                0x00107cc8       0x1c c:/devkitPro/libctru/lib\libctru.a(irrst.o)
                0x00107cc8                irrstKeysHeld
 .text.IRRST_GetHandles
                0x00107ce4       0x50 c:/devkitPro/libctru/lib\libctru.a(irrst.o)
                0x00107ce4                IRRST_GetHandles
 .text.irrstInit
                0x00107d34      0x148 c:/devkitPro/libctru/lib\libctru.a(irrst.o)
                0x00107d34                irrstInit
 .text.IRRST_Shutdown
                0x00107e7c       0x2c c:/devkitPro/libctru/lib\libctru.a(irrst.o)
                0x00107e7c                IRRST_Shutdown
 .text.irrstExit
                0x00107ea8       0xb0 c:/devkitPro/libctru/lib\libctru.a(irrst.o)
                0x00107ea8                irrstExit
 .text.utf8_to_utf16
                0x00107f58       0xbc c:/devkitPro/libctru/lib\libctru.a(utf8_to_utf16.o)
                0x00107f58                utf8_to_utf16
 .text.__system_initArgv
                0x00108014       0xf4 c:/devkitPro/libctru/lib\libctru.a(initArgv.o)
                0x00108014                __system_initArgv
 .text.__libctru_init
                0x00108108       0x38 c:/devkitPro/libctru/lib\libctru.a(initSystem.o)
                0x00108108                __libctru_init
 .text.__ctru_get_reent
                0x00108140       0x30 c:/devkitPro/libctru/lib\libctru.a(syscalls.o)
 .text.__system_initSyscalls
                0x00108170       0xe8 c:/devkitPro/libctru/lib\libctru.a(syscalls.o)
                0x00108170                __system_initSyscalls
 .text.svcControlMemory
                0x00108258       0x20 c:/devkitPro/libctru/lib\libctru.a(svc.o)
                0x00108258                svcControlMemory
 .text.svcExitProcess
                0x00108278        0x8 c:/devkitPro/libctru/lib\libctru.a(svc.o)
                0x00108278                svcExitProcess
 .text.svcCreateThread
                0x00108280       0x20 c:/devkitPro/libctru/lib\libctru.a(svc.o)
                0x00108280                svcCreateThread
 .text.svcExitThread
                0x001082a0        0x8 c:/devkitPro/libctru/lib\libctru.a(svc.o)
                0x001082a0                svcExitThread
 .text.svcCreateEvent
                0x001082a8       0x14 c:/devkitPro/libctru/lib\libctru.a(svc.o)
                0x001082a8                svcCreateEvent
 .text.svcSignalEvent
                0x001082bc        0x8 c:/devkitPro/libctru/lib\libctru.a(svc.o)
                0x001082bc                svcSignalEvent
 .text.svcClearEvent
                0x001082c4        0x8 c:/devkitPro/libctru/lib\libctru.a(svc.o)
                0x001082c4                svcClearEvent
 .text.svcMapMemoryBlock
                0x001082cc        0x8 c:/devkitPro/libctru/lib\libctru.a(svc.o)
                0x001082cc                svcMapMemoryBlock
 .text.svcUnmapMemoryBlock
                0x001082d4        0x8 c:/devkitPro/libctru/lib\libctru.a(svc.o)
                0x001082d4                svcUnmapMemoryBlock
 .text.svcCreateAddressArbiter
                0x001082dc       0x14 c:/devkitPro/libctru/lib\libctru.a(svc.o)
                0x001082dc                svcCreateAddressArbiter
 .text.svcArbitrateAddress
                0x001082f0       0x18 c:/devkitPro/libctru/lib\libctru.a(svc.o)
                0x001082f0                svcArbitrateAddress
 .text.svcCloseHandle
                0x00108308        0x8 c:/devkitPro/libctru/lib\libctru.a(svc.o)
                0x00108308                svcCloseHandle
 .text.svcWaitSynchronization
                0x00108310        0x8 c:/devkitPro/libctru/lib\libctru.a(svc.o)
                0x00108310                svcWaitSynchronization
 .text.svcWaitSynchronizationN
                0x00108318       0x28 c:/devkitPro/libctru/lib\libctru.a(svc.o)
                0x00108318                svcWaitSynchronizationN
 .text.svcDuplicateHandle
                0x00108340       0x14 c:/devkitPro/libctru/lib\libctru.a(svc.o)
                0x00108340                svcDuplicateHandle
 .text.svcGetSystemTick
                0x00108354        0x8 c:/devkitPro/libctru/lib\libctru.a(svc.o)
                0x00108354                svcGetSystemTick
 .text.svcGetSystemInfo
                0x0010835c       0x18 c:/devkitPro/libctru/lib\libctru.a(svc.o)
                0x0010835c                svcGetSystemInfo
 .text.svcConnectToPort
                0x00108374       0x14 c:/devkitPro/libctru/lib\libctru.a(svc.o)
                0x00108374                svcConnectToPort
 .text.svcSendSyncRequest
                0x00108388        0x8 c:/devkitPro/libctru/lib\libctru.a(svc.o)
                0x00108388                svcSendSyncRequest
 .text.svcBreak
                0x00108390        0x8 c:/devkitPro/libctru/lib\libctru.a(svc.o)
                0x00108390                svcBreak
 .text.svcOutputDebugString
                0x00108398        0x8 c:/devkitPro/libctru/lib\libctru.a(svc.o)
                0x00108398                svcOutputDebugString
 .text._ZL21addrMapNodeComparatorPK11rbtree_nodeS1_
                0x001083a0       0x24 c:/devkitPro/libctru/lib\libctru.a(linear.o)
 .text._ZL21addrMapNodeDestructorP11rbtree_node
                0x001083c4        0x4 c:/devkitPro/libctru/lib\libctru.a(linear.o)
 .text.linearMemAlign
                0x001083c8      0x140 c:/devkitPro/libctru/lib\libctru.a(linear.o)
                0x001083c8                linearMemAlign
 .text.linearAlloc
                0x00108508        0x8 c:/devkitPro/libctru/lib\libctru.a(linear.o)
                0x00108508                linearAlloc
 .text.linearFree
                0x00108510       0x50 c:/devkitPro/libctru/lib\libctru.a(linear.o)
                0x00108510                linearFree
 .text._ZL21addrMapNodeComparatorPK11rbtree_nodeS1_
                0x00108560       0x24 c:/devkitPro/libctru/lib\libctru.a(mappable.o)
 .text._ZL21addrMapNodeDestructorP11rbtree_node
                0x00108584        0x4 c:/devkitPro/libctru/lib\libctru.a(mappable.o)
 .text.mappableAlloc
                0x00108588       0xf4 c:/devkitPro/libctru/lib\libctru.a(mappable.o)
                0x00108588                mappableAlloc
 .text.mappableFree
                0x0010867c       0x50 c:/devkitPro/libctru/lib\libctru.a(mappable.o)
                0x0010867c                mappableFree
 .text._ZN7MemPool13CoalesceRightEP8MemBlock
                0x001086cc       0xa0 c:/devkitPro/libctru/lib\libctru.a(mem_pool.o)
                0x001086cc                MemPool::CoalesceRight(MemBlock*)
 .text._ZN7MemPool8AllocateER8MemChunkmi
                0x0010876c      0x18c c:/devkitPro/libctru/lib\libctru.a(mem_pool.o)
                0x0010876c                MemPool::Allocate(MemChunk&, unsigned long, int)
 .text._ZN7MemPool10DeallocateERK8MemChunk
                0x001088f8      0x104 c:/devkitPro/libctru/lib\libctru.a(mem_pool.o)
                0x001088f8                MemPool::Deallocate(MemChunk const&)
 .text._ZL21addrMapNodeComparatorPK11rbtree_nodeS1_
                0x001089fc       0x24 c:/devkitPro/libctru/lib\libctru.a(vram.o)
 .text._ZL21addrMapNodeDestructorP11rbtree_node
                0x00108a20        0x4 c:/devkitPro/libctru/lib\libctru.a(vram.o)
 .text.vramMemAlign
                0x00108a24      0x130 c:/devkitPro/libctru/lib\libctru.a(vram.o)
                0x00108a24                vramMemAlign
 .text.vramAlloc
                0x00108b54        0x8 c:/devkitPro/libctru/lib\libctru.a(vram.o)
                0x00108b54                vramAlloc
 .text.vramFree
                0x00108b5c       0x50 c:/devkitPro/libctru/lib\libctru.a(vram.o)
                0x00108b5c                vramFree
 .text.envGetHandle
                0x00108bac       0x94 c:/devkitPro/libctru/lib\libctru.a(env.o)
                0x00108bac                envGetHandle
 .text.envDestroyHandles
                0x00108c40       0x4c c:/devkitPro/libctru/lib\libctru.a(env.o)
                0x00108c40                envDestroyHandles
 .text.getSysTime
                0x00108c8c       0x58 c:/devkitPro/libctru/lib\libctru.a(os.o)
 .text.osGetMemRegionUsed
                0x00108ce4       0x24 c:/devkitPro/libctru/lib\libctru.a(os.o)
                0x00108ce4                osGetMemRegionUsed
 .text.__libctru_gtod
                0x00108d08       0xf8 c:/devkitPro/libctru/lib\libctru.a(os.o)
                0x00108d08                __libctru_gtod
 .text.__ctru_speedup_config
                0x00108e00       0x34 c:/devkitPro/libctru/lib\libctru.a(os.o)
                0x00108e00                __ctru_speedup_config
 .text.srvExit  0x00108e34       0x50 c:/devkitPro/libctru/lib\libctru.a(srv.o)
                0x00108e34                srvExit
 .text.srvRegisterClient
                0x00108e84       0x38 c:/devkitPro/libctru/lib\libctru.a(srv.o)
                0x00108e84                srvRegisterClient
 .text.srvInit  0x00108ebc       0x70 c:/devkitPro/libctru/lib\libctru.a(srv.o)
                0x00108ebc                srvInit
 .text.srvGetServiceHandleDirect
                0x00108f2c       0x68 c:/devkitPro/libctru/lib\libctru.a(srv.o)
                0x00108f2c                srvGetServiceHandleDirect
 .text.srvGetServiceHandle
                0x00108f94       0x38 c:/devkitPro/libctru/lib\libctru.a(srv.o)
                0x00108f94                srvGetServiceHandle
 .text.LightLock_Unlock.part.1
                0x00108fcc       0x34 c:/devkitPro/libctru/lib\libctru.a(synchronization.o)
 .text.__sync_init
                0x00109000        0xc c:/devkitPro/libctru/lib\libctru.a(synchronization.o)
                0x00109000                __sync_init
 .text.__sync_fini
                0x0010900c       0x18 c:/devkitPro/libctru/lib\libctru.a(synchronization.o)
                0x0010900c                __sync_fini
 .text.LightLock_Init
                0x00109024       0x18 c:/devkitPro/libctru/lib\libctru.a(synchronization.o)
                0x00109024                LightLock_Init
 .text.LightLock_Lock
                0x0010903c       0x94 c:/devkitPro/libctru/lib\libctru.a(synchronization.o)
                0x0010903c                LightLock_Lock
 .text.LightLock_TryLock
                0x001090d0       0x34 c:/devkitPro/libctru/lib\libctru.a(synchronization.o)
                0x001090d0                LightLock_TryLock
 .text.LightLock_Unlock
                0x00109104       0x20 c:/devkitPro/libctru/lib\libctru.a(synchronization.o)
                0x00109104                LightLock_Unlock
 .text.RecursiveLock_Init
                0x00109124       0x24 c:/devkitPro/libctru/lib\libctru.a(synchronization.o)
                0x00109124                RecursiveLock_Init
 .text.RecursiveLock_Lock
                0x00109148       0x30 c:/devkitPro/libctru/lib\libctru.a(synchronization.o)
                0x00109148                RecursiveLock_Lock
 .text.RecursiveLock_TryLock
                0x00109178       0x58 c:/devkitPro/libctru/lib\libctru.a(synchronization.o)
                0x00109178                RecursiveLock_TryLock
 .text.RecursiveLock_Unlock
                0x001091d0       0x38 c:/devkitPro/libctru/lib\libctru.a(synchronization.o)
                0x001091d0                RecursiveLock_Unlock
 .text.threadCreate
                0x00109208      0x1c8 c:/devkitPro/libctru/lib\libctru.a(thread.o)
                0x00109208                threadCreate
 .text.threadJoin
                0x001093d0       0x24 c:/devkitPro/libctru/lib\libctru.a(thread.o)
                0x001093d0                threadJoin
 .text.threadExit
                0x001093f4       0x6c c:/devkitPro/libctru/lib\libctru.a(thread.o)
                0x001093f4                threadExit
 .text._thread_begin
                0x00109460       0x3c c:/devkitPro/libctru/lib\libctru.a(thread.o)
 .text.ptmSysmInit
                0x0010949c       0x70 c:/devkitPro/libctru/lib\libctru.a(ptmsysm.o)
                0x0010949c                ptmSysmInit
 .text.ptmSysmExit
                0x0010950c       0x34 c:/devkitPro/libctru/lib\libctru.a(ptmsysm.o)
                0x0010950c                ptmSysmExit
 .text.PTMSYSM_ConfigureNew3DSCPU
                0x00109540       0x34 c:/devkitPro/libctru/lib\libctru.a(ptmsysm.o)
                0x00109540                PTMSYSM_ConfigureNew3DSCPU
 .text.rbtree_find
                0x00109574       0x70 c:/devkitPro/libctru/lib\libctru.a(rbtree_find.o)
                0x00109574                rbtree_find
 .text.rbtree_init
                0x001095e4       0x14 c:/devkitPro/libctru/lib\libctru.a(rbtree_init.o)
                0x001095e4                rbtree_init
 .text.do_insert
                0x001095f8      0x1d4 c:/devkitPro/libctru/lib\libctru.a(rbtree_insert.o)
 .text.rbtree_insert
                0x001097cc        0x8 c:/devkitPro/libctru/lib\libctru.a(rbtree_insert.o)
                0x001097cc                rbtree_insert
 .text.rbtree_remove
                0x001097d4      0x35c c:/devkitPro/libctru/lib\libctru.a(rbtree_remove.o)
                0x001097d4                rbtree_remove
 .text.rbtree_rotate
                0x00109b30       0xac c:/devkitPro/libctru/lib\libctru.a(rbtree_rotate.o)
                0x00109b30                rbtree_rotate
 .text.decode_utf8
                0x00109bdc      0x138 c:/devkitPro/libctru/lib\libctru.a(decode_utf8.o)
                0x00109bdc                decode_utf8
 .text.encode_utf16
                0x00109d14       0x68 c:/devkitPro/libctru/lib\libctru.a(encode_utf16.o)
                0x00109d14                encode_utf16
 .text.osGetMemRegionSize
                0x00109d7c       0x58 c:/devkitPro/libctru/lib\libctru.a(allocateHeaps.o)
 .text.__system_allocateHeaps
                0x00109dd4      0x124 c:/devkitPro/libctru/lib\libctru.a(allocateHeaps.o)
                0x00109dd4                __system_allocateHeaps
 .text.__appExit
                0x00109ef8       0x1c c:/devkitPro/libctru/lib\libctru.a(appExit.o)
                0x00109ef8                __appExit
 .text.__appInit
                0x00109f14       0x1c c:/devkitPro/libctru/lib\libctru.a(appInit.o)
                0x00109f14                __appInit
 .text.__libctru_exit
                0x00109f30       0xa4 c:/devkitPro/libctru/lib\libctru.a(ctru_exit.o)
                0x00109f30                __libctru_exit
 .text.sdmc_link
                0x00109fd4       0x10 c:/devkitPro/libctru/lib\libctru.a(sdmc_dev.o)
 .text.sdmc_dirreset
                0x00109fe4       0x10 c:/devkitPro/libctru/lib\libctru.a(sdmc_dev.o)
 .text.sdmc_chmod
                0x00109ff4       0x10 c:/devkitPro/libctru/lib\libctru.a(sdmc_dev.o)
 .text.sdmc_fchmod
                0x0010a004       0x10 c:/devkitPro/libctru/lib\libctru.a(sdmc_dev.o)
 .text.error_cmp
                0x0010a014       0x24 c:/devkitPro/libctru/lib\libctru.a(sdmc_dev.o)
 .text.sdmc_translate_error
                0x0010a038       0x50 c:/devkitPro/libctru/lib\libctru.a(sdmc_dev.o)
 .text.sdmc_fsync
                0x0010a088       0x34 c:/devkitPro/libctru/lib\libctru.a(sdmc_dev.o)
 .text.sdmc_ftruncate
                0x0010a0bc       0x54 c:/devkitPro/libctru/lib\libctru.a(sdmc_dev.o)
 .text.sdmc_statvfs
                0x0010a110       0xac c:/devkitPro/libctru/lib\libctru.a(sdmc_dev.o)
 .text.sdmc_dirclose
                0x0010a1bc       0x38 c:/devkitPro/libctru/lib\libctru.a(sdmc_dev.o)
 .text.sdmc_dirnext
                0x0010a1f4       0xe0 c:/devkitPro/libctru/lib\libctru.a(sdmc_dev.o)
 .text.sdmc_close
                0x0010a2d4       0x34 c:/devkitPro/libctru/lib\libctru.a(sdmc_dev.o)
 .text.sdmc_fstat
                0x0010a308       0x74 c:/devkitPro/libctru/lib\libctru.a(sdmc_dev.o)
 .text.sdmc_seek
                0x0010a37c       0xc0 c:/devkitPro/libctru/lib\libctru.a(sdmc_dev.o)
 .text.sdmc_read
                0x0010a43c       0x8c c:/devkitPro/libctru/lib\libctru.a(sdmc_dev.o)
 .text.sdmc_write
                0x0010a4c8      0x108 c:/devkitPro/libctru/lib\libctru.a(sdmc_dev.o)
 .text.sdmc_utf16path
                0x0010a5d0      0x1b4 c:/devkitPro/libctru/lib\libctru.a(sdmc_dev.o)
 .text.sdmc_rmdir
                0x0010a784       0x80 c:/devkitPro/libctru/lib\libctru.a(sdmc_dev.o)
 .text.sdmc_diropen
                0x0010a804       0x9c c:/devkitPro/libctru/lib\libctru.a(sdmc_dev.o)
 .text.sdmc_chdir
                0x0010a8a0       0xa8 c:/devkitPro/libctru/lib\libctru.a(sdmc_dev.o)
 .text.sdmc_mkdir
                0x0010a948       0x84 c:/devkitPro/libctru/lib\libctru.a(sdmc_dev.o)
 .text.sdmc_rename
                0x0010a9cc      0x138 c:/devkitPro/libctru/lib\libctru.a(sdmc_dev.o)
 .text.sdmc_unlink
                0x0010ab04       0x80 c:/devkitPro/libctru/lib\libctru.a(sdmc_dev.o)
 .text.sdmc_stat
                0x0010ab84      0x120 c:/devkitPro/libctru/lib\libctru.a(sdmc_dev.o)
 .text.sdmc_open
                0x0010aca4      0x1ac c:/devkitPro/libctru/lib\libctru.a(sdmc_dev.o)
 .text.sdmcInit
                0x0010ae50      0x134 c:/devkitPro/libctru/lib\libctru.a(sdmc_dev.o)
                0x0010ae50                sdmcInit
 .text.sdmcExit
                0x0010af84       0x50 c:/devkitPro/libctru/lib\libctru.a(sdmc_dev.o)
                0x0010af84                sdmcExit
 .text.rbtree_node_next
                0x0010afd4       0x8c c:/devkitPro/libctru/lib\libctru.a(rbtree_iterator.o)
                0x0010afd4                rbtree_node_next
 .text.utf16_to_utf8
                0x0010b060       0xe4 c:/devkitPro/libctru/lib\libctru.a(utf16_to_utf8.o)
                0x0010b060                utf16_to_utf8
 .text.__aeabi_read_tp
                0x0010b144        0xc c:/devkitPro/libctru/lib\libctru.a(readtp.o)
                0x0010b144                __aeabi_read_tp
 .text.decode_utf16
                0x0010b150       0x60 c:/devkitPro/libctru/lib\libctru.a(decode_utf16.o)
                0x0010b150                decode_utf16
 .text.encode_utf8
                0x0010b1b0      0x104 c:/devkitPro/libctru/lib\libctru.a(encode_utf8.o)
                0x0010b1b0                encode_utf8
 .text.bsearch  0x0010b2b4       0x78 c:/devkitpro/devkitarm/bin/../lib/gcc/arm-none-eabi/5.3.0/../../../../arm-none-eabi/lib/armv6k/fpu\libg.a(lib_a-bsearch.o)
                0x0010b2b4                bsearch
 .text._fclose_r
                0x0010b32c      0x120 c:/devkitpro/devkitarm/bin/../lib/gcc/arm-none-eabi/5.3.0/../../../../arm-none-eabi/lib/armv6k/fpu\libg.a(lib_a-fclose.o)
                0x0010b32c                _fclose_r
 .text.fclose   0x0010b44c       0x18 c:/devkitpro/devkitarm/bin/../lib/gcc/arm-none-eabi/5.3.0/../../../../arm-none-eabi/lib/armv6k/fpu\libg.a(lib_a-fclose.o)
                0x0010b44c                fclose
 .text.__sflush_r
                0x0010b464      0x230 c:/devkitpro/devkitarm/bin/../lib/gcc/arm-none-eabi/5.3.0/../../../../arm-none-eabi/lib/armv6k/fpu\libg.a(lib_a-fflush.o)
                0x0010b464                __sflush_r
 .text._fflush_r
                0x0010b694       0x90 c:/devkitpro/devkitarm/bin/../lib/gcc/arm-none-eabi/5.3.0/../../../../arm-none-eabi/lib/armv6k/fpu\libg.a(lib_a-fflush.o)
                0x0010b694                _fflush_r
 .text.fflush   0x0010b724       0x38 c:/devkitpro/devkitarm/bin/../lib/gcc/arm-none-eabi/5.3.0/../../../../arm-none-eabi/lib/armv6k/fpu\libg.a(lib_a-fflush.o)
                0x0010b724                fflush
 .text._cleanup_r
                0x0010b75c        0xc c:/devkitpro/devkitarm/bin/../lib/gcc/arm-none-eabi/5.3.0/../../../../arm-none-eabi/lib/armv6k/fpu\libg.a(lib_a-findfp.o)
                0x0010b75c                _cleanup_r
 .text.std.isra.0
                0x0010b768       0x80 c:/devkitpro/devkitarm/bin/../lib/gcc/arm-none-eabi/5.3.0/../../../../arm-none-eabi/lib/armv6k/fpu\libg.a(lib_a-findfp.o)
 .text.__sfmoreglue
                0x0010b7e8       0x48 c:/devkitpro/devkitarm/bin/../lib/gcc/arm-none-eabi/5.3.0/../../../../arm-none-eabi/lib/armv6k/fpu\libg.a(lib_a-findfp.o)
                0x0010b7e8                __sfmoreglue
 .text.__sinit  0x0010b830       0x8c c:/devkitpro/devkitarm/bin/../lib/gcc/arm-none-eabi/5.3.0/../../../../arm-none-eabi/lib/armv6k/fpu\libg.a(lib_a-findfp.o)
                0x0010b830                __sinit
 .text.__sfp    0x0010b8bc      0x11c c:/devkitpro/devkitarm/bin/../lib/gcc/arm-none-eabi/5.3.0/../../../../arm-none-eabi/lib/armv6k/fpu\libg.a(lib_a-findfp.o)
                0x0010b8bc                __sfp
 .text.__sfp_lock_acquire
                0x0010b9d8        0xc c:/devkitpro/devkitarm/bin/../lib/gcc/arm-none-eabi/5.3.0/../../../../arm-none-eabi/lib/armv6k/fpu\libg.a(lib_a-findfp.o)
                0x0010b9d8                __sfp_lock_acquire
 .text.__sfp_lock_release
                0x0010b9e4        0xc c:/devkitpro/devkitarm/bin/../lib/gcc/arm-none-eabi/5.3.0/../../../../arm-none-eabi/lib/armv6k/fpu\libg.a(lib_a-findfp.o)
                0x0010b9e4                __sfp_lock_release
 .text.__libc_fini_array
                0x0010b9f0       0x3c c:/devkitpro/devkitarm/bin/../lib/gcc/arm-none-eabi/5.3.0/../../../../arm-none-eabi/lib/armv6k/fpu\libg.a(lib_a-fini.o)
                0x0010b9f0                __libc_fini_array
 .text._fopen_r
                0x0010ba2c      0x13c c:/devkitpro/devkitarm/bin/../lib/gcc/arm-none-eabi/5.3.0/../../../../arm-none-eabi/lib/armv6k/fpu\libg.a(lib_a-fopen.o)
                0x0010ba2c                _fopen_r
 .text.fopen    0x0010bb68       0x20 c:/devkitpro/devkitarm/bin/../lib/gcc/arm-none-eabi/5.3.0/../../../../arm-none-eabi/lib/armv6k/fpu\libg.a(lib_a-fopen.o)
                0x0010bb68                fopen
 .text.fprintf  0x0010bb88       0x3c c:/devkitpro/devkitarm/bin/../lib/gcc/arm-none-eabi/5.3.0/../../../../arm-none-eabi/lib/armv6k/fpu\libg.a(lib_a-fprintf.o)
                0x0010bb88                fprintf
 .text._fread_r
                0x0010bbc4      0x2ec c:/devkitpro/devkitarm/bin/../lib/gcc/arm-none-eabi/5.3.0/../../../../arm-none-eabi/lib/armv6k/fpu\libg.a(lib_a-fread.o)
                0x0010bbc4                _fread_r
 .text.fread    0x0010beb0       0x38 c:/devkitpro/devkitarm/bin/../lib/gcc/arm-none-eabi/5.3.0/../../../../arm-none-eabi/lib/armv6k/fpu\libg.a(lib_a-fread.o)
                0x0010beb0                fread
 .text._malloc_trim_r
                0x0010bee8       0xf8 c:/devkitpro/devkitarm/bin/../lib/gcc/arm-none-eabi/5.3.0/../../../../arm-none-eabi/lib/armv6k/fpu\libg.a(lib_a-freer.o)
                0x0010bee8                _malloc_trim_r
 .text._free_r  0x0010bfe0      0x2e4 c:/devkitpro/devkitarm/bin/../lib/gcc/arm-none-eabi/5.3.0/../../../../arm-none-eabi/lib/armv6k/fpu\libg.a(lib_a-freer.o)
                0x0010bfe0                _free_r
 .text._fseek_r
                0x0010c2c4        0x4 c:/devkitpro/devkitarm/bin/../lib/gcc/arm-none-eabi/5.3.0/../../../../arm-none-eabi/lib/armv6k/fpu\libg.a(lib_a-fseek.o)
                0x0010c2c4                _fseek_r
 .text._fseeko_r
                0x0010c2c8      0x4f8 c:/devkitpro/devkitarm/bin/../lib/gcc/arm-none-eabi/5.3.0/../../../../arm-none-eabi/lib/armv6k/fpu\libg.a(lib_a-fseeko.o)
                0x0010c2c8                _fseeko_r
 .text._fwalk   0x0010c7c0       0x78 c:/devkitpro/devkitarm/bin/../lib/gcc/arm-none-eabi/5.3.0/../../../../arm-none-eabi/lib/armv6k/fpu\libg.a(lib_a-fwalk.o)
                0x0010c7c0                _fwalk
 .text._fwalk_reent
                0x0010c838       0x80 c:/devkitpro/devkitarm/bin/../lib/gcc/arm-none-eabi/5.3.0/../../../../arm-none-eabi/lib/armv6k/fpu\libg.a(lib_a-fwalk.o)
                0x0010c838                _fwalk_reent
 .text._fwrite_r
                0x0010c8b8      0x118 c:/devkitpro/devkitarm/bin/../lib/gcc/arm-none-eabi/5.3.0/../../../../arm-none-eabi/lib/armv6k/fpu\libg.a(lib_a-fwrite.o)
                0x0010c8b8                _fwrite_r
 .text.fwrite   0x0010c9d0       0x38 c:/devkitpro/devkitarm/bin/../lib/gcc/arm-none-eabi/5.3.0/../../../../arm-none-eabi/lib/armv6k/fpu\libg.a(lib_a-fwrite.o)
                0x0010c9d0                fwrite
 .text.__libc_init_array
                0x0010ca08       0x78 c:/devkitpro/devkitarm/bin/../lib/gcc/arm-none-eabi/5.3.0/../../../../arm-none-eabi/lib/armv6k/fpu\libg.a(lib_a-init.o)
                0x0010ca08                __libc_init_array
 .text.iprintf  0x0010ca80       0x38 c:/devkitpro/devkitarm/bin/../lib/gcc/arm-none-eabi/5.3.0/../../../../arm-none-eabi/lib/armv6k/fpu\libg.a(lib_a-iprintf.o)
                0x0010ca80                iprintf
 .text.__smakebuf_r
                0x0010cab8      0x160 c:/devkitpro/devkitarm/bin/../lib/gcc/arm-none-eabi/5.3.0/../../../../arm-none-eabi/lib/armv6k/fpu\libg.a(lib_a-makebuf.o)
                0x0010cab8                __smakebuf_r
 .text.memalign
                0x0010cc18       0x20 c:/devkitpro/devkitarm/bin/../lib/gcc/arm-none-eabi/5.3.0/../../../../arm-none-eabi/lib/armv6k/fpu\libg.a(lib_a-malign.o)
                0x0010cc18                memalign
 .text._memalign_r
                0x0010cc38      0x15c c:/devkitpro/devkitarm/bin/../lib/gcc/arm-none-eabi/5.3.0/../../../../arm-none-eabi/lib/armv6k/fpu\libg.a(lib_a-malignr.o)
                0x0010cc38                _memalign_r
 .text.malloc   0x0010cd94       0x18 c:/devkitpro/devkitarm/bin/../lib/gcc/arm-none-eabi/5.3.0/../../../../arm-none-eabi/lib/armv6k/fpu\libg.a(lib_a-malloc.o)
                0x0010cd94                malloc
 .text.free     0x0010cdac       0x18 c:/devkitpro/devkitarm/bin/../lib/gcc/arm-none-eabi/5.3.0/../../../../arm-none-eabi/lib/armv6k/fpu\libg.a(lib_a-malloc.o)
                0x0010cdac                free
 .text._malloc_r
                0x0010cdc4      0x7a8 c:/devkitpro/devkitarm/bin/../lib/gcc/arm-none-eabi/5.3.0/../../../../arm-none-eabi/lib/armv6k/fpu\libg.a(lib_a-mallocr.o)
                0x0010cdc4                _malloc_r
 .text.memcpy   0x0010d56c       0xf0 c:/devkitpro/devkitarm/bin/../lib/gcc/arm-none-eabi/5.3.0/../../../../arm-none-eabi/lib/armv6k/fpu\libg.a(lib_a-memcpy.o)
                0x0010d56c                memcpy
 .text.memset   0x0010d65c       0xf4 c:/devkitpro/devkitarm/bin/../lib/gcc/arm-none-eabi/5.3.0/../../../../arm-none-eabi/lib/armv6k/fpu\libg.a(lib_a-memset.o)
                0x0010d65c                memset
 .text.__malloc_lock
                0x0010d750        0xc c:/devkitpro/devkitarm/bin/../lib/gcc/arm-none-eabi/5.3.0/../../../../arm-none-eabi/lib/armv6k/fpu\libg.a(lib_a-mlock.o)
                0x0010d750                __malloc_lock
 .text.__malloc_unlock
                0x0010d75c        0xc c:/devkitpro/devkitarm/bin/../lib/gcc/arm-none-eabi/5.3.0/../../../../arm-none-eabi/lib/armv6k/fpu\libg.a(lib_a-mlock.o)
                0x0010d75c                __malloc_unlock
 .text.printf   0x0010d768       0x38 c:/devkitpro/devkitarm/bin/../lib/gcc/arm-none-eabi/5.3.0/../../../../arm-none-eabi/lib/armv6k/fpu\libg.a(lib_a-printf.o)
                0x0010d768                printf
 .text._puts_r  0x0010d7a0       0xec c:/devkitpro/devkitarm/bin/../lib/gcc/arm-none-eabi/5.3.0/../../../../arm-none-eabi/lib/armv6k/fpu\libg.a(lib_a-puts.o)
                0x0010d7a0                _puts_r
 .text.puts     0x0010d88c       0x18 c:/devkitpro/devkitarm/bin/../lib/gcc/arm-none-eabi/5.3.0/../../../../arm-none-eabi/lib/armv6k/fpu\libg.a(lib_a-puts.o)
                0x0010d88c                puts
 .text.lflush   0x0010d8a4       0x1c c:/devkitpro/devkitarm/bin/../lib/gcc/arm-none-eabi/5.3.0/../../../../arm-none-eabi/lib/armv6k/fpu\libg.a(lib_a-refill.o)
 .text.__srefill_r
                0x0010d8c0      0x1d8 c:/devkitpro/devkitarm/bin/../lib/gcc/arm-none-eabi/5.3.0/../../../../arm-none-eabi/lib/armv6k/fpu\libg.a(lib_a-refill.o)
                0x0010d8c0                __srefill_r
 .text.setvbuf  0x0010da98      0x1fc c:/devkitpro/devkitarm/bin/../lib/gcc/arm-none-eabi/5.3.0/../../../../arm-none-eabi/lib/armv6k/fpu\libg.a(lib_a-setvbuf.o)
                0x0010da98                setvbuf
 .text.sscanf   0x0010dc94       0x74 c:/devkitpro/devkitarm/bin/../lib/gcc/arm-none-eabi/5.3.0/../../../../arm-none-eabi/lib/armv6k/fpu\libg.a(lib_a-sscanf.o)
                0x0010dc94                sscanf
 .text.__sread  0x0010dd08       0x30 c:/devkitpro/devkitarm/bin/../lib/gcc/arm-none-eabi/5.3.0/../../../../arm-none-eabi/lib/armv6k/fpu\libg.a(lib_a-stdio.o)
                0x0010dd08                __sread
 .text.__seofread
                0x0010dd38        0x8 c:/devkitpro/devkitarm/bin/../lib/gcc/arm-none-eabi/5.3.0/../../../../arm-none-eabi/lib/armv6k/fpu\libg.a(lib_a-stdio.o)
                0x0010dd38                __seofread
 .text.__swrite
                0x0010dd40       0x54 c:/devkitpro/devkitarm/bin/../lib/gcc/arm-none-eabi/5.3.0/../../../../arm-none-eabi/lib/armv6k/fpu\libg.a(lib_a-stdio.o)
                0x0010dd40                __swrite
 .text.__sseek  0x0010dd94       0x2c c:/devkitpro/devkitarm/bin/../lib/gcc/arm-none-eabi/5.3.0/../../../../arm-none-eabi/lib/armv6k/fpu\libg.a(lib_a-stdio.o)
                0x0010dd94                __sseek
 .text.__sclose
                0x0010ddc0        0x8 c:/devkitpro/devkitarm/bin/../lib/gcc/arm-none-eabi/5.3.0/../../../../arm-none-eabi/lib/armv6k/fpu\libg.a(lib_a-stdio.o)
                0x0010ddc0                __sclose
 .text.strchr   0x0010ddc8      0x15c c:/devkitpro/devkitarm/bin/../lib/gcc/arm-none-eabi/5.3.0/../../../../arm-none-eabi/lib/armv6k/fpu\libg.a(lib_a-strchr.o)
                0x0010ddc8                strchr
 .text.strcpy   0x0010df24       0xf0 c:/devkitpro/devkitarm/bin/../lib/gcc/arm-none-eabi/5.3.0/../../../../arm-none-eabi/lib/armv6k/fpu\libg.a(lib_a-strcpy.o)
                0x0010df24                strcpy
 .text.strlen   0x0010e014       0x5c c:/devkitpro/devkitarm/bin/../lib/gcc/arm-none-eabi/5.3.0/../../../../arm-none-eabi/lib/armv6k/fpu\libg.a(lib_a-strlen.o)
                0x0010e014                strlen
 .text.strncat  0x0010e070       0xa4 c:/devkitpro/devkitarm/bin/../lib/gcc/arm-none-eabi/5.3.0/../../../../arm-none-eabi/lib/armv6k/fpu\libg.a(lib_a-strncat.o)
                0x0010e070                strncat
 .text.strncmp  0x0010e114      0x11c c:/devkitpro/devkitarm/bin/../lib/gcc/arm-none-eabi/5.3.0/../../../../arm-none-eabi/lib/armv6k/fpu\libg.a(lib_a-strncmp.o)
                0x0010e114                strncmp
 .text.strncpy  0x0010e230       0xe0 c:/devkitpro/devkitarm/bin/../lib/gcc/arm-none-eabi/5.3.0/../../../../arm-none-eabi/lib/armv6k/fpu\libg.a(lib_a-strncpy.o)
                0x0010e230                strncpy
 .text.__ssvfscanf_r
                0x0010e310     0x2c20 c:/devkitpro/devkitarm/bin/../lib/gcc/arm-none-eabi/5.3.0/../../../../arm-none-eabi/lib/armv6k/fpu\libg.a(lib_a-svfscanf.o)
                0x0010e310                __ssvfscanf_r
 .text.get_arg  0x00110f30     0x161c c:/devkitpro/devkitarm/bin/../lib/gcc/arm-none-eabi/5.3.0/../../../../arm-none-eabi/lib/armv6k/fpu\libg.a(lib_a-vfiprintf.o)
 .text.__sprint_r.part.0
                0x0011254c       0xa4 c:/devkitpro/devkitarm/bin/../lib/gcc/arm-none-eabi/5.3.0/../../../../arm-none-eabi/lib/armv6k/fpu\libg.a(lib_a-vfiprintf.o)
 .text.__sprint_r
                0x001125f0       0x1c c:/devkitpro/devkitarm/bin/../lib/gcc/arm-none-eabi/5.3.0/../../../../arm-none-eabi/lib/armv6k/fpu\libg.a(lib_a-vfiprintf.o)
                0x001125f0                __sprint_r
 .text._vfiprintf_r
                0x0011260c     0x3464 c:/devkitpro/devkitarm/bin/../lib/gcc/arm-none-eabi/5.3.0/../../../../arm-none-eabi/lib/armv6k/fpu\libg.a(lib_a-vfiprintf.o)
                0x0011260c                _vfiprintf_r
 .text.__sbprintf
                0x00115a70       0xcc c:/devkitpro/devkitarm/bin/../lib/gcc/arm-none-eabi/5.3.0/../../../../arm-none-eabi/lib/armv6k/fpu\libg.a(lib_a-vfiprintf.o)
 .text.get_arg  0x00115b3c     0x161c c:/devkitpro/devkitarm/bin/../lib/gcc/arm-none-eabi/5.3.0/../../../../arm-none-eabi/lib/armv6k/fpu\libg.a(lib_a-vfprintf.o)
 .text._vfprintf_r
                0x00117158     0x4878 c:/devkitpro/devkitarm/bin/../lib/gcc/arm-none-eabi/5.3.0/../../../../arm-none-eabi/lib/armv6k/fpu\libg.a(lib_a-vfprintf.o)
                0x00117158                _vfprintf_r
 .text.__sbprintf
                0x0011b9d0       0xcc c:/devkitpro/devkitarm/bin/../lib/gcc/arm-none-eabi/5.3.0/../../../../arm-none-eabi/lib/armv6k/fpu\libg.a(lib_a-vfprintf.o)
 .text._wcrtomb_r
                0x0011ba9c       0x8c c:/devkitpro/devkitarm/bin/../lib/gcc/arm-none-eabi/5.3.0/../../../../arm-none-eabi/lib/armv6k/fpu\libg.a(lib_a-wcrtomb.o)
                0x0011ba9c                _wcrtomb_r
 .text._wcsrtombs_r
                0x0011bb28       0x20 c:/devkitpro/devkitarm/bin/../lib/gcc/arm-none-eabi/5.3.0/../../../../arm-none-eabi/lib/armv6k/fpu\libg.a(lib_a-wcsrtombs.o)
                0x0011bb28                _wcsrtombs_r
 .text.__utf8_wctomb
                0x0011bb48      0x114 c:/devkitpro/devkitarm/bin/../lib/gcc/arm-none-eabi/5.3.0/../../../../arm-none-eabi/lib/armv6k/fpu\libg.a(lib_a-wctomb_r.o)
                0x0011bb48                __utf8_wctomb
 .text.__swsetup_r
                0x0011bc5c      0x148 c:/devkitpro/devkitarm/bin/../lib/gcc/arm-none-eabi/5.3.0/../../../../arm-none-eabi/lib/armv6k/fpu\libg.a(lib_a-wsetup.o)
                0x0011bc5c                __swsetup_r
 .text.quorem   0x0011bda4      0x1bc c:/devkitpro/devkitarm/bin/../lib/gcc/arm-none-eabi/5.3.0/../../../../arm-none-eabi/lib/armv6k/fpu\libg.a(lib_a-dtoa.o)
 .text._dtoa_r  0x0011bf60     0x12c8 c:/devkitpro/devkitarm/bin/../lib/gcc/arm-none-eabi/5.3.0/../../../../arm-none-eabi/lib/armv6k/fpu\libg.a(lib_a-dtoa.o)
                0x0011bf60                _dtoa_r
 .text.__sflags
                0x0011d228       0xb0 c:/devkitpro/devkitarm/bin/../lib/gcc/arm-none-eabi/5.3.0/../../../../arm-none-eabi/lib/armv6k/fpu\libg.a(lib_a-flags.o)
                0x0011d228                __sflags
 .text.__fputwc
                0x0011d2d8      0x124 c:/devkitpro/devkitarm/bin/../lib/gcc/arm-none-eabi/5.3.0/../../../../arm-none-eabi/lib/armv6k/fpu\libg.a(lib_a-fputwc.o)
                0x0011d2d8                __fputwc
 .text._fputwc_r
                0x0011d3fc       0xa8 c:/devkitpro/devkitarm/bin/../lib/gcc/arm-none-eabi/5.3.0/../../../../arm-none-eabi/lib/armv6k/fpu\libg.a(lib_a-fputwc.o)
                0x0011d3fc                _fputwc_r
 .text.__sfvwrite_r
                0x0011d4a4      0x4a4 c:/devkitpro/devkitarm/bin/../lib/gcc/arm-none-eabi/5.3.0/../../../../arm-none-eabi/lib/armv6k/fpu\libg.a(lib_a-fvwrite.o)
                0x0011d4a4                __sfvwrite_r
 .text.iswspace
                0x0011d948       0x74 c:/devkitpro/devkitarm/bin/../lib/gcc/arm-none-eabi/5.3.0/../../../../arm-none-eabi/lib/armv6k/fpu\libg.a(lib_a-iswspace.o)
                0x0011d948                iswspace
 .text.__jp2uc  0x0011d9bc      0x204 c:/devkitpro/devkitarm/bin/../lib/gcc/arm-none-eabi/5.3.0/../../../../arm-none-eabi/lib/armv6k/fpu\libg.a(lib_a-jp2uc.o)
 .text._jp2uc   0x0011dbc0       0x84 c:/devkitpro/devkitarm/bin/../lib/gcc/arm-none-eabi/5.3.0/../../../../arm-none-eabi/lib/armv6k/fpu\libg.a(lib_a-jp2uc.o)
                0x0011dbc0                _jp2uc
 .text.__locale_charset
                0x0011dc44        0xc c:/devkitpro/devkitarm/bin/../lib/gcc/arm-none-eabi/5.3.0/../../../../arm-none-eabi/lib/armv6k/fpu\libg.a(lib_a-locale.o)
                0x0011dc44                __locale_charset
 .text.__locale_mb_cur_max
                0x0011dc50       0x10 c:/devkitpro/devkitarm/bin/../lib/gcc/arm-none-eabi/5.3.0/../../../../arm-none-eabi/lib/armv6k/fpu\libg.a(lib_a-locale.o)
                0x0011dc50                __locale_mb_cur_max
 .text._localeconv_r
                0x0011dc60        0xc c:/devkitpro/devkitarm/bin/../lib/gcc/arm-none-eabi/5.3.0/../../../../arm-none-eabi/lib/armv6k/fpu\libg.a(lib_a-locale.o)
                0x0011dc60                _localeconv_r
 .text._mbrtowc_r
                0x0011dc6c       0x98 c:/devkitpro/devkitarm/bin/../lib/gcc/arm-none-eabi/5.3.0/../../../../arm-none-eabi/lib/armv6k/fpu\libg.a(lib_a-mbrtowc.o)
                0x0011dc6c                _mbrtowc_r
 .text.__utf8_mbtowc
                0x0011dd04      0x2fc c:/devkitpro/devkitarm/bin/../lib/gcc/arm-none-eabi/5.3.0/../../../../arm-none-eabi/lib/armv6k/fpu\libg.a(lib_a-mbtowc_r.o)
                0x0011dd04                __utf8_mbtowc
 .text.memchr   0x0011e000      0x100 c:/devkitpro/devkitarm/bin/../lib/gcc/arm-none-eabi/5.3.0/../../../../arm-none-eabi/lib/armv6k/fpu\libg.a(lib_a-memchr.o)
                0x0011e000                memchr
 .text.memmove  0x0011e100      0x128 c:/devkitpro/devkitarm/bin/../lib/gcc/arm-none-eabi/5.3.0/../../../../arm-none-eabi/lib/armv6k/fpu\libg.a(lib_a-memmove.o)
                0x0011e100                memmove
 .text._Balloc  0x0011e228       0x8c c:/devkitpro/devkitarm/bin/../lib/gcc/arm-none-eabi/5.3.0/../../../../arm-none-eabi/lib/armv6k/fpu\libg.a(lib_a-mprec.o)
                0x0011e228                _Balloc
 .text._Bfree   0x0011e2b4       0x1c c:/devkitpro/devkitarm/bin/../lib/gcc/arm-none-eabi/5.3.0/../../../../arm-none-eabi/lib/armv6k/fpu\libg.a(lib_a-mprec.o)
                0x0011e2b4                _Bfree
 .text.__multadd
                0x0011e2d0       0xd0 c:/devkitpro/devkitarm/bin/../lib/gcc/arm-none-eabi/5.3.0/../../../../arm-none-eabi/lib/armv6k/fpu\libg.a(lib_a-mprec.o)
                0x0011e2d0                __multadd
 .text.__s2b    0x0011e3a0       0xe4 c:/devkitpro/devkitarm/bin/../lib/gcc/arm-none-eabi/5.3.0/../../../../arm-none-eabi/lib/armv6k/fpu\libg.a(lib_a-mprec.o)
                0x0011e3a0                __s2b
 .text.__hi0bits
                0x0011e484       0x5c c:/devkitpro/devkitarm/bin/../lib/gcc/arm-none-eabi/5.3.0/../../../../arm-none-eabi/lib/armv6k/fpu\libg.a(lib_a-mprec.o)
                0x0011e484                __hi0bits
 .text.__lo0bits
                0x0011e4e0       0x98 c:/devkitpro/devkitarm/bin/../lib/gcc/arm-none-eabi/5.3.0/../../../../arm-none-eabi/lib/armv6k/fpu\libg.a(lib_a-mprec.o)
                0x0011e4e0                __lo0bits
 .text.__i2b    0x0011e578       0x20 c:/devkitpro/devkitarm/bin/../lib/gcc/arm-none-eabi/5.3.0/../../../../arm-none-eabi/lib/armv6k/fpu\libg.a(lib_a-mprec.o)
                0x0011e578                __i2b
 .text.__multiply
                0x0011e598      0x1dc c:/devkitpro/devkitarm/bin/../lib/gcc/arm-none-eabi/5.3.0/../../../../arm-none-eabi/lib/armv6k/fpu\libg.a(lib_a-mprec.o)
                0x0011e598                __multiply
 .text.__pow5mult
                0x0011e774      0x100 c:/devkitpro/devkitarm/bin/../lib/gcc/arm-none-eabi/5.3.0/../../../../arm-none-eabi/lib/armv6k/fpu\libg.a(lib_a-mprec.o)
                0x0011e774                __pow5mult
 .text.__lshift
                0x0011e874       0xf0 c:/devkitpro/devkitarm/bin/../lib/gcc/arm-none-eabi/5.3.0/../../../../arm-none-eabi/lib/armv6k/fpu\libg.a(lib_a-mprec.o)
                0x0011e874                __lshift
 .text.__mcmp   0x0011e964       0x64 c:/devkitpro/devkitarm/bin/../lib/gcc/arm-none-eabi/5.3.0/../../../../arm-none-eabi/lib/armv6k/fpu\libg.a(lib_a-mprec.o)
                0x0011e964                __mcmp
 .text.__mdiff  0x0011e9c8      0x198 c:/devkitpro/devkitarm/bin/../lib/gcc/arm-none-eabi/5.3.0/../../../../arm-none-eabi/lib/armv6k/fpu\libg.a(lib_a-mprec.o)
                0x0011e9c8                __mdiff
 .text.__ulp    0x0011eb60       0x78 c:/devkitpro/devkitarm/bin/../lib/gcc/arm-none-eabi/5.3.0/../../../../arm-none-eabi/lib/armv6k/fpu\libg.a(lib_a-mprec.o)
                0x0011eb60                __ulp
 .text.__b2d    0x0011ebd8       0xd4 c:/devkitpro/devkitarm/bin/../lib/gcc/arm-none-eabi/5.3.0/../../../../arm-none-eabi/lib/armv6k/fpu\libg.a(lib_a-mprec.o)
                0x0011ebd8                __b2d
 .text.__d2b    0x0011ecac      0x104 c:/devkitpro/devkitarm/bin/../lib/gcc/arm-none-eabi/5.3.0/../../../../arm-none-eabi/lib/armv6k/fpu\libg.a(lib_a-mprec.o)
                0x0011ecac                __d2b
 .text.__ratio  0x0011edb0       0x78 c:/devkitpro/devkitarm/bin/../lib/gcc/arm-none-eabi/5.3.0/../../../../arm-none-eabi/lib/armv6k/fpu\libg.a(lib_a-mprec.o)
                0x0011edb0                __ratio
 .text.__copybits
                0x0011ee28       0x6c c:/devkitpro/devkitarm/bin/../lib/gcc/arm-none-eabi/5.3.0/../../../../arm-none-eabi/lib/armv6k/fpu\libg.a(lib_a-mprec.o)
                0x0011ee28                __copybits
 .text.__any_on
                0x0011ee94       0x80 c:/devkitpro/devkitarm/bin/../lib/gcc/arm-none-eabi/5.3.0/../../../../arm-none-eabi/lib/armv6k/fpu\libg.a(lib_a-mprec.o)
                0x0011ee94                __any_on
 .text._realloc_r
                0x0011ef14      0x4c0 c:/devkitpro/devkitarm/bin/../lib/gcc/arm-none-eabi/5.3.0/../../../../arm-none-eabi/lib/armv6k/fpu\libg.a(lib_a-reallocr.o)
                0x0011ef14                _realloc_r
 .text.__sccl   0x0011f3d4       0xd0 c:/devkitpro/devkitarm/bin/../lib/gcc/arm-none-eabi/5.3.0/../../../../arm-none-eabi/lib/armv6k/fpu\libg.a(lib_a-sccl.o)
                0x0011f3d4                __sccl
 .text.nanf     0x0011f4a4        0xc c:/devkitpro/devkitarm/bin/../lib/gcc/arm-none-eabi/5.3.0/../../../../arm-none-eabi/lib/armv6k/fpu\libg.a(lib_a-sf_nan.o)
                0x0011f4a4                nanf
 .text.__fpclassifyd
                0x0011f4b0       0x74 c:/devkitpro/devkitarm/bin/../lib/gcc/arm-none-eabi/5.3.0/../../../../arm-none-eabi/lib/armv6k/fpu\libg.a(lib_a-s_fpclassify.o)
                0x0011f4b0                __fpclassifyd
 *fill*         0x0011f524        0x4 
 .text.frexp    0x0011f528       0x98 c:/devkitpro/devkitarm/bin/../lib/gcc/arm-none-eabi/5.3.0/../../../../arm-none-eabi/lib/armv6k/fpu\libg.a(lib_a-s_frexp.o)
                0x0011f528                frexp
 .text.sprintf  0x0011f5c0       0x68 c:/devkitpro/devkitarm/bin/../lib/gcc/arm-none-eabi/5.3.0/../../../../arm-none-eabi/lib/armv6k/fpu\libg.a(lib_a-sprintf.o)
                0x0011f5c0                sprintf
 .text.stpncpy  0x0011f628      0x108 c:/devkitpro/devkitarm/bin/../lib/gcc/arm-none-eabi/5.3.0/../../../../arm-none-eabi/lib/armv6k/fpu\libg.a(lib_a-stpncpy.o)
                0x0011f628                stpncpy
 .text.unlikely.sulp
                0x0011f730       0x58 c:/devkitpro/devkitarm/bin/../lib/gcc/arm-none-eabi/5.3.0/../../../../arm-none-eabi/lib/armv6k/fpu\libg.a(lib_a-strtod.o)
 .text._strtod_r
                0x0011f788     0x1450 c:/devkitpro/devkitarm/bin/../lib/gcc/arm-none-eabi/5.3.0/../../../../arm-none-eabi/lib/armv6k/fpu\libg.a(lib_a-strtod.o)
                0x0011f788                _strtod_r
 .text._strtoll_r
                0x00120bd8      0x25c c:/devkitpro/devkitarm/bin/../lib/gcc/arm-none-eabi/5.3.0/../../../../arm-none-eabi/lib/armv6k/fpu\libg.a(lib_a-strtoll_r.o)
                0x00120bd8                _strtoll_r
 .text._strtol_r
                0x00120e34      0x1d4 c:/devkitpro/devkitarm/bin/../lib/gcc/arm-none-eabi/5.3.0/../../../../arm-none-eabi/lib/armv6k/fpu\libg.a(lib_a-strtol.o)
                0x00120e34                _strtol_r
 .text._strtoull_r
                0x00121008      0x268 c:/devkitpro/devkitarm/bin/../lib/gcc/arm-none-eabi/5.3.0/../../../../arm-none-eabi/lib/armv6k/fpu\libg.a(lib_a-strtoull_r.o)
                0x00121008                _strtoull_r
 .text._strtoul_r
                0x00121270      0x1d4 c:/devkitpro/devkitarm/bin/../lib/gcc/arm-none-eabi/5.3.0/../../../../arm-none-eabi/lib/armv6k/fpu\libg.a(lib_a-strtoul.o)
                0x00121270                _strtoul_r
 .text.__ssprint_r
                0x00121444      0x1a8 c:/devkitpro/devkitarm/bin/../lib/gcc/arm-none-eabi/5.3.0/../../../../arm-none-eabi/lib/armv6k/fpu\libg.a(lib_a-svfiprintf.o)
                0x00121444                __ssprint_r
 .text._sungetc_r
                0x001215ec       0xf8 c:/devkitpro/devkitarm/bin/../lib/gcc/arm-none-eabi/5.3.0/../../../../arm-none-eabi/lib/armv6k/fpu\libg.a(lib_a-svfiscanf.o)
                0x001215ec                _sungetc_r
 .text.__ssrefill_r
                0x001216e4       0x6c c:/devkitpro/devkitarm/bin/../lib/gcc/arm-none-eabi/5.3.0/../../../../arm-none-eabi/lib/armv6k/fpu\libg.a(lib_a-svfiscanf.o)
                0x001216e4                __ssrefill_r
 .text._sfread_r
                0x00121750       0xc8 c:/devkitpro/devkitarm/bin/../lib/gcc/arm-none-eabi/5.3.0/../../../../arm-none-eabi/lib/armv6k/fpu\libg.a(lib_a-svfiscanf.o)
                0x00121750                _sfread_r
 .text.get_arg  0x00121818     0x161c c:/devkitpro/devkitarm/bin/../lib/gcc/arm-none-eabi/5.3.0/../../../../arm-none-eabi/lib/armv6k/fpu\libg.a(lib_a-svfprintf.o)
 *fill*         0x00122e34        0x4 
 .text._svfprintf_r
                0x00122e38     0x4a00 c:/devkitpro/devkitarm/bin/../lib/gcc/arm-none-eabi/5.3.0/../../../../arm-none-eabi/lib/armv6k/fpu\libg.a(lib_a-svfprintf.o)
                0x00122e38                _svfprintf_r
 .text.__submore
                0x00127838       0xa8 c:/devkitpro/devkitarm/bin/../lib/gcc/arm-none-eabi/5.3.0/../../../../arm-none-eabi/lib/armv6k/fpu\libg.a(lib_a-ungetc.o)
                0x00127838                __submore
 .text.__swbuf_r
                0x001278e0      0x124 c:/devkitpro/devkitarm/bin/../lib/gcc/arm-none-eabi/5.3.0/../../../../arm-none-eabi/lib/armv6k/fpu\libg.a(lib_a-wbuf.o)
                0x001278e0                __swbuf_r
 .text._wcsnrtombs_r
                0x00127a04      0x190 c:/devkitpro/devkitarm/bin/../lib/gcc/arm-none-eabi/5.3.0/../../../../arm-none-eabi/lib/armv6k/fpu\libg.a(lib_a-wcsnrtombs.o)
                0x00127a04                _wcsnrtombs_r
 .text._calloc_r
                0x00127b94       0x90 c:/devkitpro/devkitarm/bin/../lib/gcc/arm-none-eabi/5.3.0/../../../../arm-none-eabi/lib/armv6k/fpu\libg.a(lib_a-callocr.o)
                0x00127b94                _calloc_r
 .text.rshift   0x00127c24       0xec c:/devkitpro/devkitarm/bin/../lib/gcc/arm-none-eabi/5.3.0/../../../../arm-none-eabi/lib/armv6k/fpu\libg.a(lib_a-gdtoa-gethex.o)
 .text.__gethex
                0x00127d10      0x7d0 c:/devkitpro/devkitarm/bin/../lib/gcc/arm-none-eabi/5.3.0/../../../../arm-none-eabi/lib/armv6k/fpu\libg.a(lib_a-gdtoa-gethex.o)
                0x00127d10                __gethex
 .text.__hexnan
                0x001284e0      0x258 c:/devkitpro/devkitarm/bin/../lib/gcc/arm-none-eabi/5.3.0/../../../../arm-none-eabi/lib/armv6k/fpu\libg.a(lib_a-gdtoa-hexnan.o)
                0x001284e0                __hexnan
 .text.__errno  0x00128738        0xc c:/devkitpro/devkitarm/bin/../lib/gcc/arm-none-eabi/5.3.0/../../../../arm-none-eabi/lib/armv6k/fpu\libg.a(lib_a-errno.o)
                0x00128738                __errno
 .text.strnlen  0x00128744       0x5c c:/devkitpro/devkitarm/bin/../lib/gcc/arm-none-eabi/5.3.0/../../../../arm-none-eabi/lib/armv6k/fpu\libg.a(lib_a-strnlen.o)
                0x00128744                strnlen
 .text.strrchr  0x001287a0       0x44 c:/devkitpro/devkitarm/bin/../lib/gcc/arm-none-eabi/5.3.0/../../../../arm-none-eabi/lib/armv6k/fpu\libg.a(lib_a-strrchr.o)
                0x001287a0                strrchr
 *(.glue_7)
 .glue_7        0x001287e4        0x0 linker stubs
 *(.glue_7t)
 .glue_7t       0x001287e4        0x0 linker stubs
 *(.stub)
 *(.gnu.warning)
 *(.gnu.linkonce.t*)
                0x001287e4                . = ALIGN (0x4)
 *(.fini)
 .fini          0x001287e4        0xc c:/devkitpro/devkitarm/bin/../lib/gcc/arm-none-eabi/5.3.0/armv6k/fpu/crti.o
                0x001287e4                _fini
 .fini          0x001287f0        0xc c:/devkitpro/devkitarm/bin/../lib/gcc/arm-none-eabi/5.3.0/armv6k/fpu/crtn.o
                0x001287fc                . = ALIGN (0x4)

.vfp11_veneer   0x001287fc        0x0
 .vfp11_veneer  0x001287fc        0x0 linker stubs

.v4_bx          0x001287fc        0x0
 .v4_bx         0x001287fc        0x0 linker stubs

.iplt           0x001287fc        0x0
 .iplt          0x001287fc        0x0 c:/devkitpro/devkitarm/bin/../lib/gcc/arm-none-eabi/5.3.0/../../../../arm-none-eabi/lib/armv6k/fpu/3dsx_crt0.o

.rodata         0x00129000     0x4940
 *(.rodata)
 .rodata        0x00129000      0x168 c:/devkitPro/libctru/lib\libctru.a(console.o)
 .rodata        0x00129168       0x1c c:/devkitPro/libctru/lib\libctru.a(gfx.o)
 .rodata        0x00129184        0xc c:/devkitPro/libctru/lib\libctru.a(apt.o)
 .rodata        0x00129190      0x804 c:/devkitPro/libctru/lib\libctru.a(default_font.bin.o)
                0x00129190                default_font_bin
                0x00129990                default_font_bin_size
                0x00129990                default_font_bin_end
 .rodata        0x00129994       0x30 c:/devkitPro/libctru/lib\libctru.a(sdmc_dev.o)
 .rodata        0x001299c4       0x68 c:/devkitpro/devkitarm/bin/../lib/gcc/arm-none-eabi/5.3.0/../../../../arm-none-eabi/lib/armv6k/fpu\libsysbase.a(iosupport.o)
                0x001299c4                dotab_stdnull
 .rodata        0x00129a2c        0xc c:/devkitpro/devkitarm/bin/../lib/gcc/arm-none-eabi/5.3.0/../../../../arm-none-eabi/lib/armv6k/fpu\libsysbase.a(chdir.o)
                0x00129a2c                DIRECTORY_PARENT
                0x00129a30                DIRECTORY_THIS
                0x00129a34                DIRECTORY_SEPARATOR
 *(.roda)
 *(.rodata.*)
 .rodata.str1.4
                0x00129a38      0x1eb main.o
                                0x1ec (size before relaxing)
 *fill*         0x00129c23        0x1 
 .rodata.str1.4
                0x00129c24       0x70 c:/devkitPro/libctru/lib\libctru.a(console.o)
 .rodata.str1.4
                0x00129c94       0x22 c:/devkitPro/libctru/lib\libctru.a(romfs_dev.o)
                                 0x28 (size before relaxing)
 *fill*         0x00129cb6        0x2 
 .rodata.str1.4
                0x00129cb8       0x16 c:/devkitPro/libctru/lib\libctru.a(apt.o)
                                 0x18 (size before relaxing)
 *fill*         0x00129cce        0x2 
 .rodata.str1.4
                0x00129cd0        0x8 c:/devkitPro/libctru/lib\libctru.a(fs.o)
                                  0xc (size before relaxing)
 .rodata.str1.4
                0x00129cd8        0x9 c:/devkitPro/libctru/lib\libctru.a(gspgpu.o)
                                  0xc (size before relaxing)
 *fill*         0x00129ce1        0x3 
 .rodata.str1.4
                0x00129ce4       0x15 c:/devkitPro/libctru/lib\libctru.a(hid.o)
                                 0x18 (size before relaxing)
 *fill*         0x00129cf9        0x3 
 .rodata.str1.4
                0x00129cfc        0x7 c:/devkitPro/libctru/lib\libctru.a(irrst.o)
                                  0x8 (size before relaxing)
 *fill*         0x00129d03        0x1 
 .rodata.str1.4
                0x00129d04        0x5 c:/devkitPro/libctru/lib\libctru.a(srv.o)
                                  0x8 (size before relaxing)
 *fill*         0x00129d09        0x3 
 .rodata.str1.4
                0x00129d0c        0x2 c:/devkitPro/libctru/lib\libctru.a(thread.o)
                                  0x4 (size before relaxing)
 *fill*         0x00129d0e        0x2 
 .rodata.str1.4
                0x00129d10        0x9 c:/devkitPro/libctru/lib\libctru.a(ptmsysm.o)
                                  0xc (size before relaxing)
 *fill*         0x00129d19        0x3 
 .rodata.str1.4
                0x00129d1c        0x5 c:/devkitPro/libctru/lib\libctru.a(sdmc_dev.o)
                                  0xc (size before relaxing)
 .rodata.str1.4
                0x00129d21        0x4 c:/devkitpro/devkitarm/bin/../lib/gcc/arm-none-eabi/5.3.0/../../../../arm-none-eabi/lib/armv6k/fpu\libg.a(lib_a-impure.o)
 *fill*         0x00129d21        0x3 
 .rodata._global_impure_ptr
                0x00129d24        0x4 c:/devkitpro/devkitarm/bin/../lib/gcc/arm-none-eabi/5.3.0/../../../../arm-none-eabi/lib/armv6k/fpu\libg.a(lib_a-impure.o)
                0x00129d24                _global_impure_ptr
 .rodata.str1.4
                0x00129d28        0x5 c:/devkitpro/devkitarm/bin/../lib/gcc/arm-none-eabi/5.3.0/../../../../arm-none-eabi/lib/armv6k/fpu\libg.a(lib_a-puts.o)
                                  0x4 (size before relaxing)
 .rodata.basefix.7044
                0x00129d28       0x24 c:/devkitpro/devkitarm/bin/../lib/gcc/arm-none-eabi/5.3.0/../../../../arm-none-eabi/lib/armv6k/fpu\libg.a(lib_a-svfscanf.o)
 .rodata.str1.4
                0x00129d4c        0x5 c:/devkitpro/devkitarm/bin/../lib/gcc/arm-none-eabi/5.3.0/../../../../arm-none-eabi/lib/armv6k/fpu\libg.a(lib_a-svfscanf.o)
                                  0x8 (size before relaxing)
 *fill*         0x00129d51        0x3 
 .rodata.blanks.7115
                0x00129d54       0x10 c:/devkitpro/devkitarm/bin/../lib/gcc/arm-none-eabi/5.3.0/../../../../arm-none-eabi/lib/armv6k/fpu\libg.a(lib_a-vfiprintf.o)
 .rodata.str1.4
                0x00129d64       0x2f c:/devkitpro/devkitarm/bin/../lib/gcc/arm-none-eabi/5.3.0/../../../../arm-none-eabi/lib/armv6k/fpu\libg.a(lib_a-vfiprintf.o)
                                 0x30 (size before relaxing)
 *fill*         0x00129d93        0x1 
 .rodata.zeroes.7116
                0x00129d94       0x10 c:/devkitpro/devkitarm/bin/../lib/gcc/arm-none-eabi/5.3.0/../../../../arm-none-eabi/lib/armv6k/fpu\libg.a(lib_a-vfiprintf.o)
 .rodata.zeroes.7138
                0x00129da4       0x10 c:/devkitpro/devkitarm/bin/../lib/gcc/arm-none-eabi/5.3.0/../../../../arm-none-eabi/lib/armv6k/fpu\libg.a(lib_a-vfprintf.o)
 .rodata.str1.4
                0x00129db4       0x12 c:/devkitpro/devkitarm/bin/../lib/gcc/arm-none-eabi/5.3.0/../../../../arm-none-eabi/lib/armv6k/fpu\libg.a(lib_a-vfprintf.o)
                                 0x44 (size before relaxing)
 *fill*         0x00129dc6        0x2 
 .rodata.blanks.7137
                0x00129dc8       0x10 c:/devkitpro/devkitarm/bin/../lib/gcc/arm-none-eabi/5.3.0/../../../../arm-none-eabi/lib/armv6k/fpu\libg.a(lib_a-vfprintf.o)
 .rodata._ctype_
                0x00129dd8      0x104 c:/devkitpro/devkitarm/bin/../lib/gcc/arm-none-eabi/5.3.0/../../../../arm-none-eabi/lib/armv6k/fpu\libg.a(lib_a-ctype_.o)
                0x00129dd8                _ctype_
 .rodata.str1.4
                0x00129edc       0x10 c:/devkitpro/devkitarm/bin/../lib/gcc/arm-none-eabi/5.3.0/../../../../arm-none-eabi/lib/armv6k/fpu\libg.a(lib_a-dtoa.o)
                                 0x14 (size before relaxing)
 .rodata.a1     0x00129eec       0xbc c:/devkitpro/devkitarm/bin/../lib/gcc/arm-none-eabi/5.3.0/../../../../arm-none-eabi/lib/armv6k/fpu\libg.a(lib_a-jp2uc.o)
 .rodata.a2     0x00129fa8       0xbc c:/devkitpro/devkitarm/bin/../lib/gcc/arm-none-eabi/5.3.0/../../../../arm-none-eabi/lib/armv6k/fpu\libg.a(lib_a-jp2uc.o)
 .rodata.a3     0x0012a064       0x5c c:/devkitpro/devkitarm/bin/../lib/gcc/arm-none-eabi/5.3.0/../../../../arm-none-eabi/lib/armv6k/fpu\libg.a(lib_a-jp2uc.o)
 .rodata.a6     0x0012a0c0       0x70 c:/devkitpro/devkitarm/bin/../lib/gcc/arm-none-eabi/5.3.0/../../../../arm-none-eabi/lib/armv6k/fpu\libg.a(lib_a-jp2uc.o)
 .rodata.a7     0x0012a130       0xa4 c:/devkitpro/devkitarm/bin/../lib/gcc/arm-none-eabi/5.3.0/../../../../arm-none-eabi/lib/armv6k/fpu\libg.a(lib_a-jp2uc.o)
 .rodata.a8     0x0012a1d4       0x40 c:/devkitpro/devkitarm/bin/../lib/gcc/arm-none-eabi/5.3.0/../../../../arm-none-eabi/lib/armv6k/fpu\libg.a(lib_a-jp2uc.o)
 .rodata.str1.4
                0x0012a214       0x12 c:/devkitpro/devkitarm/bin/../lib/gcc/arm-none-eabi/5.3.0/../../../../arm-none-eabi/lib/armv6k/fpu\libg.a(lib_a-jp2uc.o)
                                 0x14 (size before relaxing)
 *fill*         0x0012a226        0x2 
 .rodata.b02cf  0x0012a228     0x172c c:/devkitpro/devkitarm/bin/../lib/gcc/arm-none-eabi/5.3.0/../../../../arm-none-eabi/lib/armv6k/fpu\libg.a(lib_a-jp2uc.o)
 .rodata.d02f4  0x0012b954     0x1a7c c:/devkitpro/devkitarm/bin/../lib/gcc/arm-none-eabi/5.3.0/../../../../arm-none-eabi/lib/armv6k/fpu\libg.a(lib_a-jp2uc.o)
 .rodata.str1.4
                0x0012d3d0      0x10c c:/devkitpro/devkitarm/bin/../lib/gcc/arm-none-eabi/5.3.0/../../../../arm-none-eabi/lib/armv6k/fpu\libg.a(lib_a-locale.o)
                                0x130 (size before relaxing)
 .rodata.str1.4
                0x0012d4dc        0x4 c:/devkitpro/devkitarm/bin/../lib/gcc/arm-none-eabi/5.3.0/../../../../arm-none-eabi/lib/armv6k/fpu\libg.a(lib_a-mbrtowc.o)
 *fill*         0x0012d4dc        0x4 
 .rodata.__mprec_tens
                0x0012d4e0       0xc8 c:/devkitpro/devkitarm/bin/../lib/gcc/arm-none-eabi/5.3.0/../../../../arm-none-eabi/lib/armv6k/fpu\libg.a(lib_a-mprec.o)
                0x0012d4e0                __mprec_tens
 .rodata.p05.5412
                0x0012d5a8        0xc c:/devkitpro/devkitarm/bin/../lib/gcc/arm-none-eabi/5.3.0/../../../../arm-none-eabi/lib/armv6k/fpu\libg.a(lib_a-mprec.o)
 *fill*         0x0012d5b4        0x4 
 .rodata.__mprec_bigtens
                0x0012d5b8       0x28 c:/devkitpro/devkitarm/bin/../lib/gcc/arm-none-eabi/5.3.0/../../../../arm-none-eabi/lib/armv6k/fpu\libg.a(lib_a-mprec.o)
                0x0012d5b8                __mprec_bigtens
 .rodata.fpinan.5417
                0x0012d5e0       0x14 c:/devkitpro/devkitarm/bin/../lib/gcc/arm-none-eabi/5.3.0/../../../../arm-none-eabi/lib/armv6k/fpu\libg.a(lib_a-strtod.o)
 .rodata.str1.4
                0x0012d5f4        0xf c:/devkitpro/devkitarm/bin/../lib/gcc/arm-none-eabi/5.3.0/../../../../arm-none-eabi/lib/armv6k/fpu\libg.a(lib_a-strtod.o)
                                 0x10 (size before relaxing)
 *fill*         0x0012d603        0x1 
 .rodata.fpi.5381
                0x0012d604       0x14 c:/devkitpro/devkitarm/bin/../lib/gcc/arm-none-eabi/5.3.0/../../../../arm-none-eabi/lib/armv6k/fpu\libg.a(lib_a-strtod.o)
 .rodata.tinytens
                0x0012d618       0x28 c:/devkitpro/devkitarm/bin/../lib/gcc/arm-none-eabi/5.3.0/../../../../arm-none-eabi/lib/armv6k/fpu\libg.a(lib_a-strtod.o)
 .rodata.__state_table
                0x0012d640       0x6c c:/devkitpro/devkitarm/bin/../lib/gcc/arm-none-eabi/5.3.0/../../../../arm-none-eabi/lib/armv6k/fpu\libg.a(lib_a-svfiprintf.o)
                0x0012d640                __state_table
 .rodata.__chclass
                0x0012d6ac      0x100 c:/devkitpro/devkitarm/bin/../lib/gcc/arm-none-eabi/5.3.0/../../../../arm-none-eabi/lib/armv6k/fpu\libg.a(lib_a-svfiprintf.o)
                0x0012d6ac                __chclass
 .rodata.__action_table
                0x0012d7ac       0x6c c:/devkitpro/devkitarm/bin/../lib/gcc/arm-none-eabi/5.3.0/../../../../arm-none-eabi/lib/armv6k/fpu\libg.a(lib_a-svfiprintf.o)
                0x0012d7ac                __action_table
 .rodata.blanks.7122
                0x0012d818       0x10 c:/devkitpro/devkitarm/bin/../lib/gcc/arm-none-eabi/5.3.0/../../../../arm-none-eabi/lib/armv6k/fpu\libg.a(lib_a-svfprintf.o)
 .rodata.str1.4
                0x0012d828       0x44 c:/devkitpro/devkitarm/bin/../lib/gcc/arm-none-eabi/5.3.0/../../../../arm-none-eabi/lib/armv6k/fpu\libg.a(lib_a-svfprintf.o)
 .rodata.zeroes.7123
                0x0012d828       0x10 c:/devkitpro/devkitarm/bin/../lib/gcc/arm-none-eabi/5.3.0/../../../../arm-none-eabi/lib/armv6k/fpu\libg.a(lib_a-svfprintf.o)
 .rodata.__hexdig
                0x0012d838      0x100 c:/devkitpro/devkitarm/bin/../lib/gcc/arm-none-eabi/5.3.0/../../../../arm-none-eabi/lib/armv6k/fpu\libg.a(lib_a-gdtoa-gethex.o)
                0x0012d838                __hexdig
 .rodata.str1.4
                0x0012d938        0x8 c:/devkitpro/devkitarm/bin/../lib/gcc/arm-none-eabi/5.3.0/../../../../arm-none-eabi/lib/armv6k/fpu\libsysbase.a(iosupport.o)
 *all.rodata*(*)
 *(.gnu.linkonce.r*)
                0x0012d940                . = ALIGN (0x4)

.eh_frame       0x0012d940        0x0
 .eh_frame      0x0012d940        0x0 c:/devkitpro/devkitarm/bin/../lib/gcc/arm-none-eabi/5.3.0/armv6k/fpu/crtbegin.o

.rel.dyn        0x0012d940        0x0
 .rel.iplt      0x0012d940        0x0 c:/devkitpro/devkitarm/bin/../lib/gcc/arm-none-eabi/5.3.0/../../../../arm-none-eabi/lib/armv6k/fpu/3dsx_crt0.o

.ARM.extab
 *(.ARM.extab* .gnu.linkonce.armextab.*)
                0x0012d940                __exidx_start = .

ARM.exidx
 *(.ARM.exidx* .gnu.linkonce.armexidx.*)
                0x0012d940                __exidx_end = .

.data           0x0012e000     0x2e40
 *(.data)
 .data          0x0012e000       0x54 c:/devkitPro/libctru/lib\libctru.a(console.o)
                0x0012e000                defaultConsole
                0x0012e04c                currentConsole
 .data          0x0012e054        0xc c:/devkitPro/libctru/lib\libctru.a(gfx.o)
 .data          0x0012e060        0x4 c:/devkitPro/libctru/lib\libctru.a(stack_adjust.o)
                0x0012e060                __stacksize__
 *fill*         0x0012e064        0x4 
 .data          0x0012e068      0x488 c:/devkitPro/libctru/lib\libctru.a(sdmc_dev.o)
 .data          0x0012e4f0       0x44 c:/devkitpro/devkitarm/bin/../lib/gcc/arm-none-eabi/5.3.0/../../../../arm-none-eabi/lib/armv6k/fpu\libsysbase.a(iosupport.o)
                0x0012e4f4                devoptab_list
 .data          0x0012e534     0x1000 c:/devkitpro/devkitarm/bin/../lib/gcc/arm-none-eabi/5.3.0/../../../../arm-none-eabi/lib/armv6k/fpu\libsysbase.a(chdir.o)
 .data          0x0012f534     0x1028 c:/devkitpro/devkitarm/bin/../lib/gcc/arm-none-eabi/5.3.0/../../../../arm-none-eabi/lib/armv6k/fpu\libsysbase.a(handle_manager.o)
 *(.data.*)
 .data.__sfp_lock
                0x0013055c        0xc c:/devkitpro/devkitarm/bin/../lib/gcc/arm-none-eabi/5.3.0/../../../../arm-none-eabi/lib/armv6k/fpu\libg.a(lib_a-findfp.o)
 .data.__sinit_lock
                0x00130568        0xc c:/devkitpro/devkitarm/bin/../lib/gcc/arm-none-eabi/5.3.0/../../../../arm-none-eabi/lib/armv6k/fpu\libg.a(lib_a-findfp.o)
 *fill*         0x00130574        0x4 
 .data.impure_data
                0x00130578      0x440 c:/devkitpro/devkitarm/bin/../lib/gcc/arm-none-eabi/5.3.0/../../../../arm-none-eabi/lib/armv6k/fpu\libg.a(lib_a-impure.o)
 .data._impure_ptr
                0x001309b8        0x4 c:/devkitpro/devkitarm/bin/../lib/gcc/arm-none-eabi/5.3.0/../../../../arm-none-eabi/lib/armv6k/fpu\libg.a(lib_a-impure.o)
                0x001309b8                _impure_ptr
 .data.__malloc_av_
                0x001309bc      0x408 c:/devkitpro/devkitarm/bin/../lib/gcc/arm-none-eabi/5.3.0/../../../../arm-none-eabi/lib/armv6k/fpu\libg.a(lib_a-mallocr.o)
                0x001309bc                __malloc_av_
 .data.__malloc_trim_threshold
                0x00130dc4        0x4 c:/devkitpro/devkitarm/bin/../lib/gcc/arm-none-eabi/5.3.0/../../../../arm-none-eabi/lib/armv6k/fpu\libg.a(lib_a-mallocr.o)
                0x00130dc4                __malloc_trim_threshold
 .data.__malloc_sbrk_base
                0x00130dc8        0x4 c:/devkitpro/devkitarm/bin/../lib/gcc/arm-none-eabi/5.3.0/../../../../arm-none-eabi/lib/armv6k/fpu\libg.a(lib_a-mallocr.o)
                0x00130dc8                __malloc_sbrk_base
 .data.__malloc_lock_object
                0x00130dcc        0xc c:/devkitpro/devkitarm/bin/../lib/gcc/arm-none-eabi/5.3.0/../../../../arm-none-eabi/lib/armv6k/fpu\libg.a(lib_a-mlock.o)
 .data.__wctomb
                0x00130dd8        0x4 c:/devkitpro/devkitarm/bin/../lib/gcc/arm-none-eabi/5.3.0/../../../../arm-none-eabi/lib/armv6k/fpu\libg.a(lib_a-wctomb_r.o)
                0x00130dd8                __wctomb
 .data.__ctype_ptr__
                0x00130ddc        0x4 c:/devkitpro/devkitarm/bin/../lib/gcc/arm-none-eabi/5.3.0/../../../../arm-none-eabi/lib/armv6k/fpu\libg.a(lib_a-ctype_.o)
                0x00130ddc                __ctype_ptr__
 .data.lconv    0x00130de0       0x38 c:/devkitpro/devkitarm/bin/../lib/gcc/arm-none-eabi/5.3.0/../../../../arm-none-eabi/lib/armv6k/fpu\libg.a(lib_a-locale.o)
 .data.lc_ctype_charset
                0x00130e18       0x20 c:/devkitpro/devkitarm/bin/../lib/gcc/arm-none-eabi/5.3.0/../../../../arm-none-eabi/lib/armv6k/fpu\libg.a(lib_a-locale.o)
 .data.__mb_cur_max
                0x00130e38        0x4 c:/devkitpro/devkitarm/bin/../lib/gcc/arm-none-eabi/5.3.0/../../../../arm-none-eabi/lib/armv6k/fpu\libg.a(lib_a-locale.o)
                0x00130e38                __mb_cur_max
 .data.__mbtowc
                0x00130e3c        0x4 c:/devkitpro/devkitarm/bin/../lib/gcc/arm-none-eabi/5.3.0/../../../../arm-none-eabi/lib/armv6k/fpu\libg.a(lib_a-mbtowc_r.o)
                0x00130e3c                __mbtowc
 *(.gnu.linkonce.d*)
                0x00130e40                . = ALIGN (0x4)

.igot.plt       0x00130e40        0x0
 .igot.plt      0x00130e40        0x0 c:/devkitpro/devkitarm/bin/../lib/gcc/arm-none-eabi/5.3.0/../../../../arm-none-eabi/lib/armv6k/fpu/3dsx_crt0.o

.jcr            0x00130e40        0x0
 .jcr           0x00130e40        0x0 c:/devkitpro/devkitarm/bin/../lib/gcc/arm-none-eabi/5.3.0/armv6k/fpu/crtbegin.o

.tm_clone_table
                0x00130e40        0x0
 .tm_clone_table
                0x00130e40        0x0 c:/devkitpro/devkitarm/bin/../lib/gcc/arm-none-eabi/5.3.0/armv6k/fpu/crtbegin.o
 .tm_clone_table
                0x00130e40        0x0 c:/devkitpro/devkitarm/bin/../lib/gcc/arm-none-eabi/5.3.0/armv6k/fpu/crtend.o
                0x00130e40                __TMC_END__

.tdata          0x00130e40        0x0
                0x00130e40                __tdata_lma = .
 *(.tdata)
 *(.tdata.*)
 *(.gnu.linkonce.td.*)
                0x00130e40                . = ALIGN (0x4)
                0x00130e40                __tdata_lma_end = .

.tbss           0x00130e40     0x340c
 *(.tbss)
 .tbss          0x00130e40     0x340c c:/devkitPro/libctru/lib\libctru.a(sdmc_dev.o)
 *(.tbss.*)
 *(.gnu.linkonce.tb.*)
 *(.tcommon)
                0x0013424c                . = ALIGN (0x4)

.preinit_array  0x00130e40        0x0
                0x00130e40                PROVIDE (__preinit_array_start, .)
 *(.preinit_array)
                0x00130e40                PROVIDE (__preinit_array_end, .)

.init_array     0x00130e40        0x4
                0x00130e40                PROVIDE (__init_array_start, .)
 *(SORT(.init_array.*))
 *(.init_array)
 .init_array    0x00130e40        0x4 c:/devkitpro/devkitarm/bin/../lib/gcc/arm-none-eabi/5.3.0/armv6k/fpu/crtbegin.o
                0x00130e44                PROVIDE (__init_array_end, .)

.fini_array     0x00130e44        0x4
                0x00130e44                PROVIDE (__fini_array_start, .)
 *(.fini_array)
 .fini_array    0x00130e44        0x4 c:/devkitpro/devkitarm/bin/../lib/gcc/arm-none-eabi/5.3.0/armv6k/fpu/crtbegin.o
 *(SORT(.fini_array.*))
                0x00130e48                PROVIDE (__fini_array_end, .)

.ctors
 *crtbegin.o(.ctors)
 *(EXCLUDE_FILE(*crtend.o) .ctors)
 *(SORT(.ctors.*))
 *(.ctors)

.dtors
 *crtbegin.o(.dtors)
 *(EXCLUDE_FILE(*crtend.o) .dtors)
 *(SORT(.dtors.*))
 *(.dtors)
                0x00130e48                __bss_start__ = .

.bss            0x00130e48     0x63a8
 *(.dynbss)
 *(.bss)
 .bss           0x00130e48       0x1c c:/devkitpro/devkitarm/bin/../lib/gcc/arm-none-eabi/5.3.0/armv6k/fpu/crtbegin.o